Component: ARM Compiler 5.05 (build 41) Tool: armlink [4d0eb9]

==============================================================================

Section Cross References

    startup_stm32f40_41xxx.o(RESET) refers to startup_stm32f40_41xxx.o(STACK) for __initial_sp
    startup_stm32f40_41xxx.o(RESET) refers to startup_stm32f40_41xxx.o(.text) for Reset_Handler
    startup_stm32f40_41xxx.o(RESET) refers to hal_cm4.o(.emb_text) for SVC_Handler
    startup_stm32f40_41xxx.o(.text) refers to system_stm32f4xx.o(.text) for SystemInit
    startup_stm32f40_41xxx.o(.text) refers to entry.o(.ARM.Collect$$$$00000000) for __main
    system_stm32f4xx.o(.text) refers to system_stm32f4xx.o(.data) for SystemCoreClock
    led.o(.text) refers to led.o(.constdata) for led_mask
    blinky.o(.text) refers to bps.o(.text) for CARstart
    blinky.o(.text) refers to printf1.o(i.__0printf$1) for __2printf
    blinky.o(.text) refers to system_stm32f4xx.o(.text) for SystemCoreClockUpdate
    blinky.o(.text) refers to led.o(.text) for LED_Init
    blinky.o(.text) refers to serial.o(.text) for SER_Init
    blinky.o(.text) refers to adc.o(.text) for adc_configure
    blinky.o(.text) refers to i2c.o(.text) for init_I2C1
    blinky.o(.text) refers to hal_cm4.o(.emb_text) for os_set_env
    blinky.o(.text) refers to blinky.o(.bss) for mbxBPSGOOD
    blinky.o(.text) refers to rt_mailbox.o(i.rt_mbx_wait) for rt_mbx_wait
    blinky.o(.text) refers to rt_task.o(i.rt_tsk_delete) for rt_tsk_delete
    blinky.o(.text) refers to rt_time.o(i.rt_itv_set) for rt_itv_set
    blinky.o(.text) refers to bps.o(.data) for BPS
    blinky.o(.text) refers to rt_mailbox.o(i.rt_mbx_send) for rt_mbx_send
    blinky.o(.text) refers to rt_time.o(i.rt_itv_wait) for rt_itv_wait
    blinky.o(.text) refers to rt_time.o(i.rt_dly_wait) for rt_dly_wait
    blinky.o(.text) refers to bps.o(.bss) for ERR
    blinky.o(.text) refers to rt_mailbox.o(i.rt_mbx_init) for rt_mbx_init
    blinky.o(.text) refers to rt_task.o(i.rt_tsk_create) for rt_tsk_create
    blinky.o(.text) refers to blinky.o(.data) for t_ThdSTARTUP
    blinky.o(.text) refers to rt_task.o(i.rt_sys_init) for rt_sys_init
    retarget.o(.text) refers to serial.o(.text) for SER_PutChar
    adc.o(.text) refers to stm32f4xx_rcc.o(.text) for RCC_APB2PeriphClockCmd
    adc.o(.text) refers to stm32f4xx_gpio.o(.text) for GPIO_Init
    adc.o(.text) refers to stm32f4xx_adc.o(.text) for ADC_DeInit
    i2c.o(.text) refers to stm32f4xx_rcc.o(.text) for RCC_APB1PeriphClockCmd
    i2c.o(.text) refers to stm32f4xx_gpio.o(.text) for GPIO_Init
    i2c.o(.text) refers to stm32f4xx_i2c.o(.text) for I2C_Init
    bps.o(.text) refers to i2c.o(.text) for I2C_start
    bps.o(.text) refers to adc.o(.text) for adc_convert
    bps.o(.text) refers to bps.o(.data) for BPS
    bps.o(.text) refers to bps.o(.bss) for ERR
    stm32f4xx_adc.o(.text) refers to stm32f4xx_rcc.o(.text) for RCC_APB2PeriphResetCmd
    stm32f4xx_can.o(.text) refers to stm32f4xx_rcc.o(.text) for RCC_APB1PeriphResetCmd
    stm32f4xx_cryp.o(.text) refers to stm32f4xx_rcc.o(.text) for RCC_AHB2PeriphResetCmd
    stm32f4xx_cryp_aes.o(.text) refers to stm32f4xx_cryp.o(.text) for CRYP_KeyStructInit
    stm32f4xx_cryp_des.o(.text) refers to stm32f4xx_cryp.o(.text) for CRYP_KeyStructInit
    stm32f4xx_cryp_tdes.o(.text) refers to stm32f4xx_cryp.o(.text) for CRYP_KeyStructInit
    stm32f4xx_dac.o(.text) refers to stm32f4xx_rcc.o(.text) for RCC_APB1PeriphResetCmd
    stm32f4xx_gpio.o(.text) refers to stm32f4xx_rcc.o(.text) for RCC_AHB1PeriphResetCmd
    stm32f4xx_hash.o(.text) refers to stm32f4xx_rcc.o(.text) for RCC_AHB2PeriphResetCmd
    stm32f4xx_hash_md5.o(.text) refers to stm32f4xx_hash.o(.text) for HASH_DeInit
    stm32f4xx_hash_sha1.o(.text) refers to stm32f4xx_hash.o(.text) for HASH_DeInit
    stm32f4xx_i2c.o(.text) refers to stm32f4xx_rcc.o(.text) for RCC_APB1PeriphResetCmd
    stm32f4xx_pwr.o(.text) refers to stm32f4xx_rcc.o(.text) for RCC_APB1PeriphResetCmd
    stm32f4xx_rcc.o(.text) refers to stm32f4xx_rcc.o(.data) for APBAHBPrescTable
    stm32f4xx_rng.o(.text) refers to stm32f4xx_rcc.o(.text) for RCC_AHB2PeriphResetCmd
    stm32f4xx_sdio.o(.text) refers to stm32f4xx_rcc.o(.text) for RCC_APB2PeriphResetCmd
    stm32f4xx_spi.o(.text) refers to stm32f4xx_rcc.o(.text) for RCC_APB2PeriphResetCmd
    stm32f4xx_syscfg.o(.text) refers to stm32f4xx_rcc.o(.text) for RCC_APB2PeriphResetCmd
    stm32f4xx_tim.o(.text) refers to stm32f4xx_rcc.o(.text) for RCC_APB2PeriphResetCmd
    stm32f4xx_usart.o(.text) refers to stm32f4xx_rcc.o(.text) for RCC_APB2PeriphResetCmd
    stm32f4xx_wwdg.o(.text) refers to stm32f4xx_rcc.o(.text) for RCC_APB1PeriphResetCmd
    rt_task.o(i.rt_block) refers to rt_list.o(i.rt_put_dly) for rt_put_dly
    rt_task.o(i.rt_block) refers to rt_list.o(i.rt_get_first) for rt_get_first
    rt_task.o(i.rt_block) refers to rt_task.o(i.rt_switch_req) for rt_switch_req
    rt_task.o(i.rt_block) refers to rt_task.o(.data) for .data
[...]
    printfa.o(i.__0vprintf) refers to printfa.o(i._printf_core) for _printf_core
    printfa.o(i.__0vprintf) refers to retarget.o(.text) for fputc
    printfa.o(i.__0vprintf) refers to retarget.o(.data) for __stdout
    printfa.o(i.__0vsnprintf) refers (Special) to iusefp.o(.text) for __I$use$fp
    printfa.o(i.__0vsnprintf) refers to printfa.o(i._printf_core) for _printf_core
    printfa.o(i.__0vsnprintf) refers to printfa.o(i._snputc) for _snputc
    printfa.o(i.__0vsprintf) refers (Special) to iusefp.o(.text) for __I$use$fp
    printfa.o(i.__0vsprintf) refers to printfa.o(i._printf_core) for _printf_core
    printfa.o(i.__0vsprintf) refers to printfa.o(i._sputc) for _sputc
    printfa.o(i._fp_digits) refers (Special) to iusefp.o(.text) for __I$use$fp
    printfa.o(i._fp_digits) refers to dmul.o(.text) for __aeabi_dmul
    printfa.o(i._fp_digits) refers to ddiv.o(.text) for __aeabi_ddiv
    printfa.o(i._fp_digits) refers to cdrcmple.o(.text) for __aeabi_cdrcmple
    printfa.o(i._fp_digits) refers to dadd.o(.text) for __aeabi_dadd
    printfa.o(i._fp_digits) refers to dfixul.o(.text) for __aeabi_d2ulz
    printfa.o(i._fp_digits) refers to uldiv.o(.text) for __aeabi_uldivmod
    printfa.o(i._printf_core) refers (Special) to iusefp.o(.text) for __I$use$fp
    printfa.o(i._printf_core) refers to printfa.o(i._printf_pre_padding) for _printf_pre_padding
    printfa.o(i._printf_core) refers to uldiv.o(.text) for __aeabi_uldivmod
    printfa.o(i._printf_core) refers to printfa.o(i._printf_post_padding) for _printf_post_padding
    printfa.o(i._printf_core) refers to printfa.o(i._fp_digits) for _fp_digits
    printfa.o(i._printf_core) refers to uidiv.o(.text) for __aeabi_uidivmod
    printfa.o(i._printf_post_padding) refers (Special) to iusefp.o(.text) for __I$use$fp
    printfa.o(i._printf_pre_padding) refers (Special) to iusefp.o(.text) for __I$use$fp
    printfa.o(i._snputc) refers (Special) to iusefp.o(.text) for __I$use$fp
    printfa.o(i._sputc) refers (Special) to iusefp.o(.text) for __I$use$fp
    entry2.o(.ARM.Collect$$$$00000001) refers to entry2.o(.ARM.Collect$$$$00002712) for __lit__00000000
    entry2.o(.ARM.Collect$$$$00002712) refers to startup_stm32f40_41xxx.o(STACK) for __initial_sp
    entry2.o(__vectab_stack_and_reset_area) refers to startup_stm32f40_41xxx.o(STACK) for __initial_sp
    entry2.o(__vectab_stack_and_reset_area) refers to entry.o(.ARM.Collect$$$$00000000) for __main
    entry5.o(.ARM.Collect$$$$00000004) refers to init.o(.text) for __scatterload
    entry9a.o(.ARM.Collect$$$$0000000B) refers to blinky.o(.text) for main
    entry9b.o(.ARM.Collect$$$$0000000C) refers to blinky.o(.text) for main
    uldiv.o(.text) refers to llushr.o(.text) for __aeabi_llsr
    uldiv.o(.text) refers to llshl.o(.text) for __aeabi_llsl
    dadd.o(.text) refers to llshl.o(.text) for __aeabi_llsl
    dadd.o(.text) refers to llsshr.o(.text) for __aeabi_lasr
    dadd.o(.text) refers to depilogue.o(.text) for _double_epilogue
    dmul.o(.text) refers to depilogue.o(.text) for _double_epilogue
    ddiv.o(.text) refers to depilogue.o(.text) for _double_round
    dfixul.o(.text) refers to llushr.o(.text) for __aeabi_llsr
    dfixul.o(.text) refers to llshl.o(.text) for __aeabi_llsl
    init.o(.text) refers to entry5.o(.ARM.Collect$$$$00000004) for __main_after_scatterload
    depilogue.o(.text) refers to llshl.o(.text) for __aeabi_llsl
    depilogue.o(.text) refers to llushr.o(.text) for __aeabi_llsr


==============================================================================

Removing Unused input sections from the image.

    Removing startup_stm32f40_41xxx.o(HEAP), (512 bytes).
    Removing system_stm32f4xx.o(.rev16_text), (4 bytes).
    Removing system_stm32f4xx.o(.revsh_text), (4 bytes).
    Removing led.o(.rev16_text), (4 bytes).
    Removing led.o(.revsh_text), (4 bytes).
    Removing blinky.o(.rev16_text), (4 bytes).
    Removing blinky.o(.revsh_text), (4 bytes).
    Removing serial.o(.rev16_text), (4 bytes).
    Removing serial.o(.revsh_text), (4 bytes).
    Removing adc.o(.rev16_text), (4 bytes).
    Removing adc.o(.revsh_text), (4 bytes).
    Removing i2c.o(.rev16_text), (4 bytes).
    Removing i2c.o(.revsh_text), (4 bytes).
    Removing bps.o(.rev16_text), (4 bytes).
    Removing bps.o(.revsh_text), (4 bytes).
    Removing misc.o(.rev16_text), (4 bytes).
    Removing misc.o(.revsh_text), (4 bytes).
    Removing misc.o(.text), (224 bytes).
    Removing stm32f4xx_adc.o(.rev16_text), (4 bytes).
    Removing stm32f4xx_adc.o(.revsh_text), (4 bytes).
    Removing stm32f4xx_can.o(.rev16_text), (4 bytes).
    Removing stm32f4xx_can.o(.revsh_text), (4 bytes).
    Removing stm32f4xx_can.o(.text), (2544 bytes).
    Removing stm32f4xx_crc.o(.rev16_text), (4 bytes).
    Removing stm32f4xx_crc.o(.revsh_text), (4 bytes).
    Removing stm32f4xx_crc.o(.text), (72 bytes).
    Removing stm32f4xx_cryp.o(.rev16_text), (4 bytes).
    Removing stm32f4xx_cryp.o(.revsh_text), (4 bytes).
    Removing stm32f4xx_cryp.o(.text), (668 bytes).
    Removing stm32f4xx_cryp_aes.o(.rev16_text), (4 bytes).
    Removing stm32f4xx_cryp_aes.o(.revsh_text), (4 bytes).
    Removing stm32f4xx_cryp_aes.o(.text), (1524 bytes).
    Removing stm32f4xx_cryp_des.o(.rev16_text), (4 bytes).
    Removing stm32f4xx_cryp_des.o(.revsh_text), (4 bytes).
    Removing stm32f4xx_cryp_des.o(.text), (468 bytes).
    Removing stm32f4xx_cryp_tdes.o(.rev16_text), (4 bytes).
    Removing stm32f4xx_cryp_tdes.o(.revsh_text), (4 bytes).
    Removing stm32f4xx_cryp_tdes.o(.text), (532 bytes).
    Removing stm32f4xx_dac.o(.rev16_text), (4 bytes).
    Removing stm32f4xx_dac.o(.revsh_text), (4 bytes).
    Removing stm32f4xx_dac.o(.text), (528 bytes).
    Removing stm32f4xx_dbgmcu.o(.rev16_text), (4 bytes).
    Removing stm32f4xx_dbgmcu.o(.revsh_text), (4 bytes).
    Removing stm32f4xx_dbgmcu.o(.text), (100 bytes).
    Removing stm32f4xx_dcmi.o(.rev16_text), (4 bytes).
    Removing stm32f4xx_dcmi.o(.revsh_text), (4 bytes).
    Removing stm32f4xx_dcmi.o(.text), (400 bytes).
    Removing stm32f4xx_dma.o(.rev16_text), (4 bytes).
    Removing stm32f4xx_dma.o(.revsh_text), (4 bytes).
    Removing stm32f4xx_dma.o(.text), (936 bytes).
    Removing stm32f4xx_exti.o(.rev16_text), (4 bytes).
    Removing stm32f4xx_exti.o(.revsh_text), (4 bytes).
    Removing stm32f4xx_exti.o(.text), (284 bytes).
    Removing stm32f4xx_flash.o(.rev16_text), (4 bytes).
    Removing stm32f4xx_flash.o(.revsh_text), (4 bytes).
    Removing stm32f4xx_flash.o(.text), (1212 bytes).
    Removing stm32f4xx_fsmc.o(.rev16_text), (4 bytes).
    Removing stm32f4xx_fsmc.o(.revsh_text), (4 bytes).
    Removing stm32f4xx_fsmc.o(.text), (1544 bytes).
    Removing stm32f4xx_gpio.o(.rev16_text), (4 bytes).
    Removing stm32f4xx_gpio.o(.revsh_text), (4 bytes).
    Removing stm32f4xx_hash.o(.rev16_text), (4 bytes).
    Removing stm32f4xx_hash.o(.revsh_text), (4 bytes).
    Removing stm32f4xx_hash.o(.text), (500 bytes).
    Removing stm32f4xx_hash_md5.o(.rev16_text), (4 bytes).
    Removing stm32f4xx_hash_md5.o(.revsh_text), (4 bytes).
    Removing stm32f4xx_hash_md5.o(.text), (534 bytes).
    Removing stm32f4xx_hash_sha1.o(.rev16_text), (4 bytes).
    Removing stm32f4xx_hash_sha1.o(.revsh_text), (4 bytes).
    Removing stm32f4xx_hash_sha1.o(.text), (548 bytes).
    Removing stm32f4xx_i2c.o(.rev16_text), (4 bytes).
    Removing stm32f4xx_i2c.o(.revsh_text), (4 bytes).
    Removing stm32f4xx_iwdg.o(.rev16_text), (4 bytes).
    Removing stm32f4xx_iwdg.o(.revsh_text), (4 bytes).
    Removing stm32f4xx_iwdg.o(.text), (64 bytes).
    Removing stm32f4xx_pwr.o(.rev16_text), (4 bytes).
    Removing stm32f4xx_pwr.o(.revsh_text), (4 bytes).
    Removing stm32f4xx_pwr.o(.text), (248 bytes).
    Removing stm32f4xx_rcc.o(.rev16_text), (4 bytes).
    Removing stm32f4xx_rcc.o(.revsh_text), (4 bytes).
    Removing stm32f4xx_rng.o(.rev16_text), (4 bytes).
    Removing stm32f4xx_rng.o(.revsh_text), (4 bytes).
    Removing stm32f4xx_rng.o(.text), (160 bytes).
    Removing stm32f4xx_rtc.o(.rev16_text), (4 bytes).
    Removing stm32f4xx_rtc.o(.revsh_text), (4 bytes).
    Removing stm32f4xx_rtc.o(.text), (3376 bytes).
    Removing stm32f4xx_sdio.o(.rev16_text), (4 bytes).
    Removing stm32f4xx_sdio.o(.revsh_text), (4 bytes).
    Removing stm32f4xx_sdio.o(.text), (476 bytes).
    Removing stm32f4xx_spi.o(.rev16_text), (4 bytes).
    Removing stm32f4xx_spi.o(.revsh_text), (4 bytes).
    Removing stm32f4xx_spi.o(.text), (1016 bytes).
    Removing stm32f4xx_syscfg.o(.rev16_text), (4 bytes).
    Removing stm32f4xx_syscfg.o(.revsh_text), (4 bytes).
    Removing stm32f4xx_syscfg.o(.text), (140 bytes).
    Removing stm32f4xx_tim.o(.rev16_text), (4 bytes).
    Removing stm32f4xx_tim.o(.revsh_text), (4 bytes).
    Removing stm32f4xx_tim.o(.text), (3234 bytes).
    Removing stm32f4xx_usart.o(.rev16_text), (4 bytes).
    Removing stm32f4xx_usart.o(.revsh_text), (4 bytes).
    Removing stm32f4xx_usart.o(.text), (1050 bytes).
    Removing stm32f4xx_wwdg.o(.rev16_text), (4 bytes).
    Removing stm32f4xx_wwdg.o(.revsh_text), (4 bytes).
    Removing stm32f4xx_wwdg.o(.text), (144 bytes).
    Removing rt_task.o(i.rt_tsk_pass), (48 bytes).
    Removing rt_task.o(i.rt_tsk_prio), (140 bytes).
    Removing rt_task.o(i.rt_tsk_self), (16 bytes).
    Removing rt_mailbox.o(i.isr_mbx_receive), (84 bytes).
    Removing rt_mailbox.o(i.isr_mbx_send), (14 bytes).
    Removing rt_mailbox.o(i.rt_mbx_check), (8 bytes).
    Removing rt_time.o(i.rt_time_get), (12 bytes).
    Removing rt_system.o(.emb_text), (0 bytes).
    Removing rt_system.o(i.rt_psh_req), (32 bytes).
    Removing rt_system.o(i.rt_resume), (176 bytes).
    Removing rt_system.o(i.rt_suspend), (44 bytes).
    Removing rt_system.o(i.rt_tsk_lock), (80 bytes).
    Removing rt_system.o(i.rt_tsk_unlock), (80 bytes).
    Removing rt_list.o(i.rt_get_same_rdy_prio), (36 bytes).
    Removing rt_list.o(i.rt_psq_enq), (88 bytes).
    Removing rt_list.o(i.rt_resort_prio), (52 bytes).
    Removing rt_membox.o(i._calloc_box), (30 bytes).
    Removing rt_event.o(i.isr_evt_set), (40 bytes).
    Removing rt_event.o(i.rt_evt_clr), (28 bytes).
    Removing rt_event.o(i.rt_evt_get), (12 bytes).
    Removing rt_event.o(i.rt_evt_set), (96 bytes).
    Removing rt_event.o(i.rt_evt_wait), (60 bytes).
    Removing rt_semaphore.o(i.isr_sem_send), (16 bytes).
    Removing rt_semaphore.o(i.rt_sem_init), (12 bytes).
    Removing rt_semaphore.o(i.rt_sem_send), (56 bytes).
    Removing rt_semaphore.o(i.rt_sem_wait), (64 bytes).
    Removing rt_timer.o(i.rt_tmr_create), (80 bytes).
    Removing rt_timer.o(i.rt_tmr_kill), (52 bytes).
    Removing dadd.o(.text), (334 bytes).
    Removing dmul.o(.text), (228 bytes).
    Removing ddiv.o(.text), (222 bytes).
    Removing dfixul.o(.text), (48 bytes).
    Removing cdrcmple.o(.text), (48 bytes).
    Removing depilogue.o(.text), (186 bytes).

138 unused section(s) (total 25864 bytes) removed from the image.

==============================================================================

Image Symbol Table

    Local Symbols

    Symbol Name                              Value     Ov Type        Size  Object(Section)

    ../clib/../cmprslib/zerorunl2.c          0x00000000   Number         0  __dczerorl2.o ABSOLUTE
    ../clib/microlib/division.c              0x00000000   Number         0  uldiv.o ABSOLUTE
    ../clib/microlib/division.c              0x00000000   Number         0  uidiv.o ABSOLUTE
    ../clib/microlib/init/entry.s            0x00000000   Number         0  entry.o ABSOLUTE
    ../clib/microlib/init/entry.s            0x00000000   Number         0  entry9a.o ABSOLUTE
    ../clib/microlib/init/entry.s            0x00000000   Number         0  entry8b.o ABSOLUTE
    ../clib/microlib/init/entry.s            0x00000000   Number         0  entry8a.o ABSOLUTE
    ../clib/microlib/init/entry.s            0x00000000   Number         0  entry11a.o ABSOLUTE
    ../clib/microlib/init/entry.s            0x00000000   Number         0  entry11b.o ABSOLUTE
    ../clib/microlib/init/entry.s            0x00000000   Number         0  entry7b.o ABSOLUTE
    ../clib/microlib/init/entry.s            0x00000000   Number         0  entry7a.o ABSOLUTE
    ../clib/microlib/init/entry.s            0x00000000   Number         0  entry10a.o ABSOLUTE
    ../clib/microlib/init/entry.s            0x00000000   Number         0  entry5.o ABSOLUTE
    ../clib/microlib/init/entry.s            0x00000000   Number         0  entry9b.o ABSOLUTE
    ../clib/microlib/init/entry.s            0x00000000   Number         0  entry2.o ABSOLUTE
    ../clib/microlib/init/entry.s            0x00000000   Number         0  entry10b.o ABSOLUTE
    ../clib/microlib/longlong.c              0x00000000   Number         0  llushr.o ABSOLUTE
    ../clib/microlib/longlong.c              0x00000000   Number         0  llsshr.o ABSOLUTE
    ../clib/microlib/longlong.c              0x00000000   Number         0  llshl.o ABSOLUTE
    ../clib/microlib/printf/printf.c         0x00000000   Number         0  printf1.o ABSOLUTE
    ../clib/microlib/printf/printf.c         0x00000000   Number         0  printf0.o ABSOLUTE
    ../clib/microlib/printf/printf.c         0x00000000   Number         0  printfa.o ABSOLUTE
    ../clib/microlib/printf/printf.c         0x00000000   Number         0  printf8.o ABSOLUTE
    ../clib/microlib/printf/printf.c         0x00000000   Number         0  printf7.o ABSOLUTE
    ../clib/microlib/printf/printf.c         0x00000000   Number         0  printf6.o ABSOLUTE
    ../clib/microlib/printf/printf.c         0x00000000   Number         0  printf5.o ABSOLUTE
    ../clib/microlib/printf/printf.c         0x00000000   Number         0  printf4.o ABSOLUTE
    ../clib/microlib/printf/printf.c         0x00000000   Number         0  printf3.o ABSOLUTE
    ../clib/microlib/printf/printf.c         0x00000000   Number         0  printf2.o ABSOLUTE
    ../clib/microlib/printf/printf.c         0x00000000   Number         0  printfb.o ABSOLUTE
    ../clib/microlib/printf/stubs.s          0x00000000   Number         0  stubs.o ABSOLUTE
    ../clib/microlib/stubs.s                 0x00000000   Number         0  useno.o ABSOLUTE
    ../clib/microlib/stubs.s                 0x00000000   Number         0  iusefp.o ABSOLUTE
    ../fplib/microlib/fpadd.c                0x00000000   Number         0  dadd.o ABSOLUTE
    ../fplib/microlib/fpdiv.c                0x00000000   Number         0  ddiv.o ABSOLUTE
    ../fplib/microlib/fpepilogue.c           0x00000000   Number         0  depilogue.o ABSOLUTE
    ../fplib/microlib/fpfix.c                0x00000000   Number         0  dfixul.o ABSOLUTE
    ../fplib/microlib/fpmul.c                0x00000000   Number         0  dmul.o ABSOLUTE
    ADC.c                                    0x00000000   Number         0  adc.o ABSOLUTE
    ADC.c                                    0x00000000   Number         0  adc.o ABSOLUTE
    BPS.c                                    0x00000000   Number         0  bps.o ABSOLUTE
    BPS.c                                    0x00000000   Number         0  bps.o ABSOLUTE
    Blinky.c                                 0x00000000   Number         0  blinky.o ABSOLUTE
    Blinky.c                                 0x00000000   Number         0  blinky.o ABSOLUTE
    I2C.c                                    0x00000000   Number         0  i2c.o ABSOLUTE
    I2C.c                                    0x00000000   Number         0  i2c.o ABSOLUTE
    LED.c                                    0x00000000   Number         0  led.o ABSOLUTE
    LED.c                                    0x00000000   Number         0  led.o ABSOLUTE
    RTX_Conf_CM.c                            0x00000000   Number         0  rtx_conf_cm.o ABSOLUTE
    Retarget.c                               0x00000000   Number         0  retarget.o ABSOLUTE
    SRC\CM\HAL_CM4.c                         0x00000000   Number         0  hal_cm4.o ABSOLUTE
    SRC\CM\SVC_Table.s                       0x00000000   Number         0  svc_table.o ABSOLUTE
    SRC\CM\rt_Event.c                        0x00000000   Number         0  rt_event.o ABSOLUTE
    SRC\CM\rt_List.c                         0x00000000   Number         0  rt_list.o ABSOLUTE
    SRC\CM\rt_Mailbox.c                      0x00000000   Number         0  rt_mailbox.o ABSOLUTE
    SRC\CM\rt_MemBox.c                       0x00000000   Number         0  rt_membox.o ABSOLUTE
    SRC\CM\rt_Robin.c                        0x00000000   Number         0  rt_robin.o ABSOLUTE
    SRC\CM\rt_Semaphore.c                    0x00000000   Number         0  rt_semaphore.o ABSOLUTE
    SRC\CM\rt_System.c                       0x00000000   Number         0  rt_system.o ABSOLUTE
    SRC\CM\rt_Task.c                         0x00000000   Number         0  rt_task.o ABSOLUTE
    SRC\CM\rt_Time.c                         0x00000000   Number         0  rt_time.o ABSOLUTE
    SRC\CM\rt_Timer.c                        0x00000000   Number         0  rt_timer.o ABSOLUTE
    SRC\\CM\\HAL_CM4.c                       0x00000000   Number         0  hal_cm4.o ABSOLUTE
    SRC\\CM\\rt_System.c                     0x00000000   Number         0  rt_system.o ABSOLUTE
    Serial.c                                 0x00000000   Number         0  serial.o ABSOLUTE
    Serial.c                                 0x00000000   Number         0  serial.o ABSOLUTE
    cdrcmple.s                               0x00000000   Number         0  cdrcmple.o ABSOLUTE
    dc.s                                     0x00000000   Number         0  dc.o ABSOLUTE
    handlers.s                               0x00000000   Number         0  handlers.o ABSOLUTE
    init.s                                   0x00000000   Number         0  init.o ABSOLUTE
    misc.c                                   0x00000000   Number         0  misc.o ABSOLUTE
    misc.c                                   0x00000000   Number         0  misc.o ABSOLUTE
    startup_stm32f40_41xxx.s                 0x00000000   Number         0  startup_stm32f40_41xxx.o ABSOLUTE
    stm32f4xx_adc.c                          0x00000000   Number         0  stm32f4xx_adc.o ABSOLUTE
    stm32f4xx_adc.c                          0x00000000   Number         0  stm32f4xx_adc.o ABSOLUTE
    stm32f4xx_can.c                          0x00000000   Number         0  stm32f4xx_can.o ABSOLUTE
    stm32f4xx_can.c                          0x00000000   Number         0  stm32f4xx_can.o ABSOLUTE
    stm32f4xx_crc.c                          0x00000000   Number         0  stm32f4xx_crc.o ABSOLUTE
    stm32f4xx_crc.c                          0x00000000   Number         0  stm32f4xx_crc.o ABSOLUTE
    stm32f4xx_cryp.c                         0x00000000   Number         0  stm32f4xx_cryp.o ABSOLUTE
    stm32f4xx_cryp.c                         0x00000000   Number         0  stm32f4xx_cryp.o ABSOLUTE
    stm32f4xx_cryp_aes.c                     0x00000000   Number         0  stm32f4xx_cryp_aes.o ABSOLUTE
    stm32f4xx_cryp_aes.c                     0x00000000   Number         0  stm32f4xx_cryp_aes.o ABSOLUTE
    stm32f4xx_cryp_des.c                     0x00000000   Number         0  stm32f4xx_cryp_des.o ABSOLUTE
    stm32f4xx_cryp_des.c                     0x00000000   Number         0  stm32f4xx_cryp_des.o ABSOLUTE
    stm32f4xx_cryp_tdes.c                    0x00000000   Number         0  stm32f4xx_cryp_tdes.o ABSOLUTE
    stm32f4xx_cryp_tdes.c                    0x00000000   Number         0  stm32f4xx_cryp_tdes.o ABSOLUTE
    stm32f4xx_dac.c                          0x00000000   Number         0  stm32f4xx_dac.o ABSOLUTE
    stm32f4xx_dac.c                          0x00000000   Number         0  stm32f4xx_dac.o ABSOLUTE
    stm32f4xx_dbgmcu.c                       0x00000000   Number         0  stm32f4xx_dbgmcu.o ABSOLUTE
    stm32f4xx_dbgmcu.c                       0x00000000   Number         0  stm32f4xx_dbgmcu.o ABSOLUTE
    stm32f4xx_dcmi.c                         0x00000000   Number         0  stm32f4xx_dcmi.o ABSOLUTE
    stm32f4xx_dcmi.c                         0x00000000   Number         0  stm32f4xx_dcmi.o ABSOLUTE
    stm32f4xx_dma.c                          0x00000000   Number         0  stm32f4xx_dma.o ABSOLUTE
    stm32f4xx_dma.c                          0x00000000   Number         0  stm32f4xx_dma.o ABSOLUTE
    stm32f4xx_exti.c                         0x00000000   Number         0  stm32f4xx_exti.o ABSOLUTE
    stm32f4xx_exti.c                         0x00000000   Number         0  stm32f4xx_exti.o ABSOLUTE
    stm32f4xx_flash.c                        0x00000000   Number         0  stm32f4xx_flash.o ABSOLUTE
    stm32f4xx_flash.c                        0x00000000   Number         0  stm32f4xx_flash.o ABSOLUTE
    stm32f4xx_fsmc.c                         0x00000000   Number         0  stm32f4xx_fsmc.o ABSOLUTE
    stm32f4xx_fsmc.c                         0x00000000   Number         0  stm32f4xx_fsmc.o ABSOLUTE
    stm32f4xx_gpio.c                         0x00000000   Number         0  stm32f4xx_gpio.o ABSOLUTE
    stm32f4xx_gpio.c                         0x00000000   Number         0  stm32f4xx_gpio.o ABSOLUTE
    stm32f4xx_hash.c                         0x00000000   Number         0  stm32f4xx_hash.o ABSOLUTE
    stm32f4xx_hash.c                         0x00000000   Number         0  stm32f4xx_hash.o ABSOLUTE
    stm32f4xx_hash_md5.c                     0x00000000   Number         0  stm32f4xx_hash_md5.o ABSOLUTE
    stm32f4xx_hash_md5.c                     0x00000000   Number         0  stm32f4xx_hash_md5.o ABSOLUTE
    stm32f4xx_hash_sha1.c                    0x00000000   Number         0  stm32f4xx_hash_sha1.o ABSOLUTE
    stm32f4xx_hash_sha1.c                    0x00000000   Number         0  stm32f4xx_hash_sha1.o ABSOLUTE
    stm32f4xx_i2c.c                          0x00000000   Number         0  stm32f4xx_i2c.o ABSOLUTE
    stm32f4xx_i2c.c                          0x00000000   Number         0  stm32f4xx_i2c.o ABSOLUTE
    stm32f4xx_iwdg.c                         0x00000000   Number         0  stm32f4xx_iwdg.o ABSOLUTE
    stm32f4xx_iwdg.c                         0x00000000   Number         0  stm32f4xx_iwdg.o ABSOLUTE
    stm32f4xx_pwr.c                          0x00000000   Number         0  stm32f4xx_pwr.o ABSOLUTE
    stm32f4xx_pwr.c                          0x00000000   Number         0  stm32f4xx_pwr.o ABSOLUTE
    stm32f4xx_rcc.c                          0x00000000   Number         0  stm32f4xx_rcc.o ABSOLUTE
    stm32f4xx_rcc.c                          0x00000000   Number         0  stm32f4xx_rcc.o ABSOLUTE
    stm32f4xx_rng.c                          0x00000000   Number         0  stm32f4xx_rng.o ABSOLUTE
    stm32f4xx_rng.c                          0x00000000   Number         0  stm32f4xx_rng.o ABSOLUTE
    stm32f4xx_rtc.c                          0x00000000   Number         0  stm32f4xx_rtc.o ABSOLUTE
    stm32f4xx_rtc.c                          0x00000000   Number         0  stm32f4xx_rtc.o ABSOLUTE
    stm32f4xx_sdio.c                         0x00000000   Number         0  stm32f4xx_sdio.o ABSOLUTE
    stm32f4xx_sdio.c                         0x00000000   Number         0  stm32f4xx_sdio.o ABSOLUTE
    stm32f4xx_spi.c                          0x00000000   Number         0  stm32f4xx_spi.o ABSOLUTE
    stm32f4xx_spi.c                          0x00000000   Number         0  stm32f4xx_spi.o ABSOLUTE
    stm32f4xx_syscfg.c                       0x00000000   Number         0  stm32f4xx_syscfg.o ABSOLUTE
    stm32f4xx_syscfg.c                       0x00000000   Number         0  stm32f4xx_syscfg.o ABSOLUTE
    stm32f4xx_tim.c                          0x00000000   Number         0  stm32f4xx_tim.o ABSOLUTE
    stm32f4xx_tim.c                          0x00000000   Number         0  stm32f4xx_tim.o ABSOLUTE
    stm32f4xx_usart.c                        0x00000000   Number         0  stm32f4xx_usart.o ABSOLUTE
    stm32f4xx_usart.c                        0x00000000   Number         0  stm32f4xx_usart.o ABSOLUTE
    stm32f4xx_wwdg.c                         0x00000000   Number         0  stm32f4xx_wwdg.o ABSOLUTE
    stm32f4xx_wwdg.c                         0x00000000   Number         0  stm32f4xx_wwdg.o ABSOLUTE
    system_stm32f4xx.c                       0x00000000   Number         0  system_stm32f4xx.o ABSOLUTE
    system_stm32f4xx.c                       0x00000000   Number         0  system_stm32f4xx.o ABSOLUTE
    RESET                                    0x08000000   Section      392  startup_stm32f40_41xxx.o(RESET)
    .ARM.Collect$$$$00000000                 0x08000188   Section        0  entry.o(.ARM.Collect$$$$00000000)
    .ARM.Collect$$$$00000001                 0x08000188   Section        4  entry2.o(.ARM.Collect$$$$00000001)
    .ARM.Collect$$$$00000004                 0x0800018c   Section        4  entry5.o(.ARM.Collect$$$$00000004)
    .ARM.Collect$$$$00000008                 0x08000190   Section        0  entry7b.o(.ARM.Collect$$$$00000008)
    .ARM.Collect$$$$0000000A                 0x08000190   Section        0  entry8b.o(.ARM.Collect$$$$0000000A)
    .ARM.Collect$$$$0000000B                 0x08000190   Section        8  entry9a.o(.ARM.Collect$$$$0000000B)
    .ARM.Collect$$$$0000000D                 0x08000198   Section        0  entry10a.o(.ARM.Collect$$$$0000000D)
    .ARM.Collect$$$$0000000F                 0x08000198   Section        0  entry11a.o(.ARM.Collect$$$$0000000F)
    .ARM.Collect$$$$00002712                 0x08000198   Section        4  entry2.o(.ARM.Collect$$$$00002712)
    __lit__00000000                          0x08000198   Data           4  entry2.o(.ARM.Collect$$$$00002712)
    .emb_text                                0x0800019c   Section      412  hal_cm4.o(.emb_text)
    $v0                                      0x0800019c   Number         0  hal_cm4.o(.emb_text)
    .text                                    0x08000338   Section       36  startup_stm32f40_41xxx.o(.text)
    $v0                                      0x08000338   Number         0  startup_stm32f40_41xxx.o(.text)
    .text                                    0x0800035c   Section        0  system_stm32f4xx.o(.text)
    SetSysClock                              0x0800035d   Thumb Code   220  system_stm32f4xx.o(.text)
    .text                                    0x0800056c   Section        0  rtx_conf_cm.o(.text)
    .text                                    0x08000578   Section        0  led.o(.text)
    .text                                    0x0800062c   Section        0  blinky.o(.text)
    .text                                    0x08000aa8   Section        0  retarget.o(.text)
    .text                                    0x08000ad8   Section        0  serial.o(.text)
    .text                                    0x08000b80   Section        0  adc.o(.text)
    .text                                    0x08000c18   Section        0  i2c.o(.text)
    .text                                    0x08000d94   Section        0  bps.o(.text)
    .text                                    0x08001270   Section        0  stm32f4xx_adc.o(.text)
    .text                                    0x080016d4   Section        0  stm32f4xx_gpio.o(.text)
    .text                                    0x08001930   Section        0  stm32f4xx_i2c.o(.text)
    .text                                    0x08001d58   Section        0  stm32f4xx_rcc.o(.text)
    .text                                    0x080022e0   Section        0  uidiv.o(.text)
    .text                                    0x0800230c   Section       36  init.o(.text)
    .text                                    0x08002330   Section        0  __dczerorl2.o(.text)
    SVC_TABLE                                0x08002388   Section        4  svc_table.o(SVC_TABLE)
    i.__0printf$1                            0x0800238c   Section        0  printf1.o(i.__0printf$1)
    i.__scatterload_copy                     0x080023ac   Section       14  handlers.o(i.__scatterload_copy)
    i.__scatterload_null                     0x080023ba   Section        2  handlers.o(i.__scatterload_null)
    i.__scatterload_zeroinit                 0x080023bc   Section       14  handlers.o(i.__scatterload_zeroinit)
    i._init_box                              0x080023ca   Section        0  rt_membox.o(i._init_box)
    i._printf_core                           0x08002410   Section        0  printf1.o(i._printf_core)
    _printf_core                             0x08002411   Thumb Code   336  printf1.o(i._printf_core)
    i.dbg_init                               0x08002564   Section        0  hal_cm4.o(i.dbg_init)
    i.dbg_task_notify                        0x08002594   Section        0  hal_cm4.o(i.dbg_task_notify)
    i.dbg_task_switch                        0x080025b4   Section        0  hal_cm4.o(i.dbg_task_switch)
    i.os_tick_init                           0x080025c4   Section        0  rt_system.o(i.os_tick_init)
    i.os_tick_irqack                         0x080025ec   Section        0  rt_system.o(i.os_tick_irqack)
    i.rt_alloc_box                           0x080025ee   Section        0  rt_membox.o(i.rt_alloc_box)
    i.rt_block                               0x08002608   Section        0  rt_task.o(i.rt_block)
    i.rt_chk_robin                           0x08002640   Section        0  rt_robin.o(i.rt_chk_robin)
    i.rt_dec_dly                             0x08002688   Section        0  rt_list.o(i.rt_dec_dly)
    i.rt_dispatch                            0x080026fc   Section        0  rt_task.o(i.rt_dispatch)
    i.rt_dly_wait                            0x08002740   Section        0  rt_time.o(i.rt_dly_wait)
    i.rt_evt_psh                             0x08002748   Section        0  rt_event.o(i.rt_evt_psh)
    i.rt_free_box                            0x08002794   Section        0  rt_membox.o(i.rt_free_box)
    i.rt_get_first                           0x080027b4   Section        0  rt_list.o(i.rt_get_first)
    i.rt_init_context                        0x080027dc   Section        0  rt_task.o(i.rt_init_context)
    rt_init_context                          0x080027dd   Thumb Code    70  rt_task.o(i.rt_init_context)
    i.rt_init_robin                          0x08002828   Section        0  rt_robin.o(i.rt_init_robin)
    i.rt_init_stack                          0x08002840   Section        0  hal_cm4.o(i.rt_init_stack)
    i.rt_itv_set                             0x08002890   Section        0  rt_time.o(i.rt_itv_set)
    i.rt_itv_wait                            0x080028a8   Section        0  rt_time.o(i.rt_itv_wait)
    i.rt_mbx_init                            0x080028d0   Section        0  rt_mailbox.o(i.rt_mbx_init)
    i.rt_mbx_psh                             0x080028e8   Section        0  rt_mailbox.o(i.rt_mbx_psh)
    i.rt_mbx_send                            0x080029b4   Section        0  rt_mailbox.o(i.rt_mbx_send)
    i.rt_mbx_wait                            0x08002a58   Section        0  rt_mailbox.o(i.rt_mbx_wait)
    i.rt_pop_req                             0x08002b10   Section        0  rt_system.o(i.rt_pop_req)
    i.rt_put_dly                             0x08002b8c   Section        0  rt_list.o(i.rt_put_dly)
    i.rt_put_prio                            0x08002bd4   Section        0  rt_list.o(i.rt_put_prio)
    i.rt_put_rdy_first                       0x08002c0c   Section        0  rt_list.o(i.rt_put_rdy_first)
    i.rt_rmv_dly                             0x08002c20   Section        0  rt_list.o(i.rt_rmv_dly)
    i.rt_rmv_list                            0x08002c48   Section        0  rt_list.o(i.rt_rmv_list)
    i.rt_sem_psh                             0x08002c78   Section        0  rt_semaphore.o(i.rt_sem_psh)
    i.rt_stk_check                           0x08002cac   Section        0  rt_system.o(i.rt_stk_check)
    i.rt_switch_req                          0x08002cd0   Section        0  rt_task.o(i.rt_switch_req)
    i.rt_sys_init                            0x08002cf8   Section        0  rt_task.o(i.rt_sys_init)
    i.rt_systick                             0x08002e4c   Section        0  rt_system.o(i.rt_systick)
    i.rt_tmr_tick                            0x08002e8c   Section        0  rt_timer.o(i.rt_tmr_tick)
    i.rt_tsk_create                          0x08002ecc   Section        0  rt_task.o(i.rt_tsk_create)
    i.rt_tsk_delete                          0x08002f5c   Section        0  rt_task.o(i.rt_tsk_delete)
    .constdata                               0x080030c8   Section       40  rtx_conf_cm.o(.constdata)
    __tagsym$$used                           0x080030dc   Number         0  rtx_conf_cm.o(.constdata)
    __tagsym$$used                           0x080030e0   Number         0  rtx_conf_cm.o(.constdata)
    .constdata                               0x080030f0   Section       16  led.o(.constdata)
    .constdata                               0x08003100   Section        4  rt_system.o(.constdata)
    __tagsym$$used                           0x08003100   Number         0  rt_system.o(.constdata)
    .data                                    0x20000000   Section       20  system_stm32f4xx.o(.data)
    .data                                    0x20000014   Section        4  rtx_conf_cm.o(.data)
    .data                                    0x20000018   Section       28  blinky.o(.data)
    .data                                    0x20000034   Section        8  retarget.o(.data)
    .data                                    0x2000003c   Section     1272  bps.o(.data)
    .data                                    0x20000534   Section       16  stm32f4xx_rcc.o(.data)
    APBAHBPrescTable                         0x20000534   Data          16  stm32f4xx_rcc.o(.data)
    .data                                    0x20000544   Section        8  rt_task.o(.data)
    .data                                    0x2000054c   Section        4  rt_time.o(.data)
    .data                                    0x20000550   Section        1  hal_cm4.o(.data)
    .data                                    0x20000554   Section        8  rt_system.o(.data)
    os_lock                                  0x20000554   Data           1  rt_system.o(.data)
    os_psh_flag                              0x20000555   Data           1  rt_system.o(.data)
    pend_flags                               0x20000556   Data           1  rt_system.o(.data)
    .data                                    0x2000055c   Section        8  rt_robin.o(.data)
    .data                                    0x20000564   Section        8  rt_timer.o(.data)
    .bss                                     0x20000570   Section    12116  rtx_conf_cm.o(.bss)
    .bss                                     0x200034c4   Section       80  blinky.o(.bss)
    .bss                                     0x20003514   Section       16  bps.o(.bss)
    .bss                                     0x20003524   Section       56  rt_task.o(.bss)
    .bss                                     0x2000355c   Section       48  rt_list.o(.bss)
    STACK                                    0x20003590   Section     1024  startup_stm32f40_41xxx.o(STACK)

    Global Symbols

    Symbol Name                              Value     Ov Type        Size  Object(Section)

    BuildAttributes$$THM_ISAv4$E$P$D$K$B$S$7EM$VFPi3$EXTD16$VFPS$VFMA$PE$A:L22UL41UL21$X:L11$S22US41US21$IEEE1$IW$USESV6$~STKCKD$USESV7$~SHL$OSPACE$ROPI$EBA8$MICROLIB$REQ8$PRES8$EABIv2 0x00000000   Number         0  anon$$obj.o ABSOLUTE
    __ARM_use_no_argv                        0x00000000   Number         0  blinky.o ABSOLUTE
    __use_no_errno                           0x00000000   Number         0  useno.o ABSOLUTE
    __use_no_exception_handling              0x00000000   Number         0  useno.o ABSOLUTE
    __use_no_fp                              0x00000000   Number         0  useno.o ABSOLUTE
    __use_no_heap                            0x00000000   Number         0  useno.o ABSOLUTE
    __use_no_heap_region                     0x00000000   Number         0  useno.o ABSOLUTE
    __use_no_semihosting                     0x00000000   Number         0  useno.o ABSOLUTE
    __use_no_semihosting_swi                 0x00000000   Number         0  useno.o ABSOLUTE
    __use_no_signal_handling                 0x00000000   Number         0  useno.o ABSOLUTE
    _printf_a                                0x00000000   Number         0  stubs.o ABSOLUTE
    _printf_c                                0x00000000   Number         0  stubs.o ABSOLUTE
    _printf_charcount                        0x00000000   Number         0  stubs.o ABSOLUTE
    _printf_d                                0x00000000   Number         0  stubs.o ABSOLUTE
    _printf_e                                0x00000000   Number         0  stubs.o ABSOLUTE
    _printf_f                                0x00000000   Number         0  stubs.o ABSOLUTE
    _printf_flags                            0x00000000   Number         0  stubs.o ABSOLUTE
    _printf_fp_dec                           0x00000000   Number         0  stubs.o ABSOLUTE
    _printf_fp_hex                           0x00000000   Number         0  stubs.o ABSOLUTE
    _printf_g                                0x00000000   Number         0  stubs.o ABSOLUTE
    _printf_i                                0x00000000   Number         0  stubs.o ABSOLUTE
    _printf_int_dec                          0x00000000   Number         0  stubs.o ABSOLUTE
    _printf_l                                0x00000000   Number         0  stubs.o ABSOLUTE
    _printf_lc                               0x00000000   Number         0  stubs.o ABSOLUTE
    _printf_ll                               0x00000000   Number         0  stubs.o ABSOLUTE
    _printf_lld                              0x00000000   Number         0  stubs.o ABSOLUTE
    _printf_lli                              0x00000000   Number         0  stubs.o ABSOLUTE
    _printf_llo                              0x00000000   Number         0  stubs.o ABSOLUTE
    _printf_llu                              0x00000000   Number         0  stubs.o ABSOLUTE
    _printf_llx                              0x00000000   Number         0  stubs.o ABSOLUTE
    _printf_longlong_dec                     0x00000000   Number         0  stubs.o ABSOLUTE
    _printf_longlong_hex                     0x00000000   Number         0  stubs.o ABSOLUTE
    _printf_longlong_oct                     0x00000000   Number         0  stubs.o ABSOLUTE
    _printf_ls                               0x00000000   Number         0  stubs.o ABSOLUTE
    _printf_mbtowc                           0x00000000   Number         0  stubs.o ABSOLUTE
    _printf_n                                0x00000000   Number         0  stubs.o ABSOLUTE
    _printf_o                                0x00000000   Number         0  stubs.o ABSOLUTE
    _printf_p                                0x00000000   Number         0  stubs.o ABSOLUTE
    _printf_percent                          0x00000000   Number         0  stubs.o ABSOLUTE
    _printf_pre_padding                      0x00000000   Number         0  stubs.o ABSOLUTE
    _printf_return_value                     0x00000000   Number         0  stubs.o ABSOLUTE
    _printf_s                                0x00000000   Number         0  stubs.o ABSOLUTE
    _printf_sizespec                         0x00000000   Number         0  stubs.o ABSOLUTE
    _printf_str                              0x00000000   Number         0  stubs.o ABSOLUTE
    _printf_truncate_signed                  0x00000000   Number         0  stubs.o ABSOLUTE
    _printf_truncate_unsigned                0x00000000   Number         0  stubs.o ABSOLUTE
    _printf_u                                0x00000000   Number         0  stubs.o ABSOLUTE
    _printf_wc                               0x00000000   Number         0  stubs.o ABSOLUTE
    _printf_wctomb                           0x00000000   Number         0  stubs.o ABSOLUTE
    _printf_widthprec                        0x00000000   Number         0  stubs.o ABSOLUTE
    _printf_x                                0x00000000   Number         0  stubs.o ABSOLUTE
    __cpp_initialize__aeabi_                  - Undefined Weak Reference
    __cxa_finalize                            - Undefined Weak Reference
    _clock_init                               - Undefined Weak Reference
    _microlib_exit                            - Undefined Weak Reference
    __Vectors_Size                           0x00000188   Number         0  startup_stm32f40_41xxx.o ABSOLUTE
    __RL_RTX_VER                             0x00000474   Number         0  rt_system.o ABSOLUTE
    __Vectors                                0x08000000   Data           4  startup_stm32f40_41xxx.o(RESET)
    __Vectors_End                            0x08000188   Data           0  startup_stm32f40_41xxx.o(RESET)
    __main                                   0x08000189   Thumb Code     0  entry.o(.ARM.Collect$$$$00000000)
    _main_stk                                0x08000189   Thumb Code     0  entry2.o(.ARM.Collect$$$$00000001)
    _main_scatterload                        0x0800018d   Thumb Code     0  entry5.o(.ARM.Collect$$$$00000004)
    __main_after_scatterload                 0x08000191   Thumb Code     0  entry5.o(.ARM.Collect$$$$00000004)
    _main_clock                              0x08000191   Thumb Code     0  entry7b.o(.ARM.Collect$$$$00000008)
    _main_cpp_init                           0x08000191   Thumb Code     0  entry8b.o(.ARM.Collect$$$$0000000A)
    _main_init                               0x08000191   Thumb Code     0  entry9a.o(.ARM.Collect$$$$0000000B)
    __rt_final_cpp                           0x08000199   Thumb Code     0  entry10a.o(.ARM.Collect$$$$0000000D)
    __rt_final_exit                          0x08000199   Thumb Code     0  entry11a.o(.ARM.Collect$$$$0000000F)
    rt_set_PSP                               0x0800019d   Thumb Code     6  hal_cm4.o(.emb_text)
    rt_get_PSP                               0x080001a3   Thumb Code     6  hal_cm4.o(.emb_text)
    os_set_env                               0x080001a9   Thumb Code    24  hal_cm4.o(.emb_text)
    _alloc_box                               0x080001c5   Thumb Code    28  hal_cm4.o(.emb_text)
    _free_box                                0x080001e5   Thumb Code    28  hal_cm4.o(.emb_text)
    SVC_Handler                              0x08000205   Thumb Code   160  hal_cm4.o(.emb_text)
    PendSV_Handler                           0x080002b1   Thumb Code   112  hal_cm4.o(.emb_text)
    SysTick_Handler                          0x08000325   Thumb Code     8  hal_cm4.o(.emb_text)
    OS_Tick_Handler                          0x0800032d   Thumb Code    12  hal_cm4.o(.emb_text)
    Reset_Handler                            0x08000339   Thumb Code     8  startup_stm32f40_41xxx.o(.text)
    NMI_Handler                              0x08000341   Thumb Code     2  startup_stm32f40_41xxx.o(.text)
    HardFault_Handler                        0x08000343   Thumb Code     2  startup_stm32f40_41xxx.o(.text)
    MemManage_Handler                        0x08000345   Thumb Code     2  startup_stm32f40_41xxx.o(.text)
    BusFault_Handler                         0x08000347   Thumb Code     2  startup_stm32f40_41xxx.o(.text)
    UsageFault_Handler                       0x08000349   Thumb Code     2  startup_stm32f40_41xxx.o(.text)
    DebugMon_Handler                         0x0800034d   Thumb Code     2  startup_stm32f40_41xxx.o(.text)
    ADC_IRQHandler                           0x08000353   Thumb Code     0  startup_stm32f40_41xxx.o(.text)
    CAN1_RX0_IRQHandler                      0x08000353   Thumb Code     0  startup_stm32f40_41xxx.o(.text)
    CAN1_RX1_IRQHandler                      0x08000353   Thumb Code     0  startup_stm32f40_41xxx.o(.text)
    CAN1_SCE_IRQHandler                      0x08000353   Thumb Code     0  startup_stm32f40_41xxx.o(.text)
    CAN1_TX_IRQHandler                       0x08000353   Thumb Code     0  startup_stm32f40_41xxx.o(.text)
    CAN2_RX0_IRQHandler                      0x08000353   Thumb Code     0  startup_stm32f40_41xxx.o(.text)
    CAN2_RX1_IRQHandler                      0x08000353   Thumb Code     0  startup_stm32f40_41xxx.o(.text)
    CAN2_SCE_IRQHandler                      0x08000353   Thumb Code     0  startup_stm32f40_41xxx.o(.text)
    CAN2_TX_IRQHandler                       0x08000353   Thumb Code     0  startup_stm32f40_41xxx.o(.text)
    CRYP_IRQHandler                          0x08000353   Thumb Code     0  startup_stm32f40_41xxx.o(.text)
    DCMI_IRQHandler                          0x08000353   Thumb Code     0  startup_stm32f40_41xxx.o(.text)
    DMA1_Stream0_IRQHandler                  0x08000353   Thumb Code     0  startup_stm32f40_41xxx.o(.text)
    DMA1_Stream1_IRQHandler                  0x08000353   Thumb Code     0  startup_stm32f40_41xxx.o(.text)
    DMA1_Stream2_IRQHandler                  0x08000353   Thumb Code     0  startup_stm32f40_41xxx.o(.text)
    DMA1_Stream3_IRQHandler                  0x08000353   Thumb Code     0  startup_stm32f40_41xxx.o(.text)
    DMA1_Stream4_IRQHandler                  0x08000353   Thumb Code     0  startup_stm32f40_41xxx.o(.text)
    DMA1_Stream5_IRQHandler                  0x08000353   Thumb Code     0  startup_stm32f40_41xxx.o(.text)
    DMA1_Stream6_IRQHandler                  0x08000353   Thumb Code     0  startup_stm32f40_41xxx.o(.text)
    DMA1_Stream7_IRQHandler                  0x08000353   Thumb Code     0  startup_stm32f40_41xxx.o(.text)
    DMA2_Stream0_IRQHandler                  0x08000353   Thumb Code     0  startup_stm32f40_41xxx.o(.text)
    DMA2_Stream1_IRQHandler                  0x08000353   Thumb Code     0  startup_stm32f40_41xxx.o(.text)
    DMA2_Stream2_IRQHandler                  0x08000353   Thumb Code     0  startup_stm32f40_41xxx.o(.text)
    DMA2_Stream3_IRQHandler                  0x08000353   Thumb Code     0  startup_stm32f40_41xxx.o(.text)
    DMA2_Stream4_IRQHandler                  0x08000353   Thumb Code     0  startup_stm32f40_41xxx.o(.text)
    DMA2_Stream5_IRQHandler                  0x08000353   Thumb Code     0  startup_stm32f40_41xxx.o(.text)
    DMA2_Stream6_IRQHandler                  0x08000353   Thumb Code     0  startup_stm32f40_41xxx.o(.text)
    DMA2_Stream7_IRQHandler                  0x08000353   Thumb Code     0  startup_stm32f40_41xxx.o(.text)
    ETH_IRQHandler                           0x08000353   Thumb Code     0  startup_stm32f40_41xxx.o(.text)
    ETH_WKUP_IRQHandler                      0x08000353   Thumb Code     0  startup_stm32f40_41xxx.o(.text)
    EXTI0_IRQHandler                         0x08000353   Thumb Code     0  startup_stm32f40_41xxx.o(.text)
    EXTI15_10_IRQHandler                     0x08000353   Thumb Code     0  startup_stm32f40_41xxx.o(.text)
    EXTI1_IRQHandler                         0x08000353   Thumb Code     0  startup_stm32f40_41xxx.o(.text)
    EXTI2_IRQHandler                         0x08000353   Thumb Code     0  startup_stm32f40_41xxx.o(.text)
    EXTI3_IRQHandler                         0x08000353   Thumb Code     0  startup_stm32f40_41xxx.o(.text)
    EXTI4_IRQHandler                         0x08000353   Thumb Code     0  startup_stm32f40_41xxx.o(.text)
    EXTI9_5_IRQHandler                       0x08000353   Thumb Code     0  startup_stm32f40_41xxx.o(.text)
    FLASH_IRQHandler                         0x08000353   Thumb Code     0  startup_stm32f40_41xxx.o(.text)
    FPU_IRQHandler                           0x08000353   Thumb Code     0  startup_stm32f40_41xxx.o(.text)
    FSMC_IRQHandler                          0x08000353   Thumb Code     0  startup_stm32f40_41xxx.o(.text)
    HASH_RNG_IRQHandler                      0x08000353   Thumb Code     0  startup_stm32f40_41xxx.o(.text)
    I2C1_ER_IRQHandler                       0x08000353   Thumb Code     0  startup_stm32f40_41xxx.o(.text)
    I2C1_EV_IRQHandler                       0x08000353   Thumb Code     0  startup_stm32f40_41xxx.o(.text)
    I2C2_ER_IRQHandler                       0x08000353   Thumb Code     0  startup_stm32f40_41xxx.o(.text)
    I2C2_EV_IRQHandler                       0x08000353   Thumb Code     0  startup_stm32f40_41xxx.o(.text)
    I2C3_ER_IRQHandler                       0x08000353   Thumb Code     0  startup_stm32f40_41xxx.o(.text)
    I2C3_EV_IRQHandler                       0x08000353   Thumb Code     0  startup_stm32f40_41xxx.o(.text)
    OTG_FS_IRQHandler                        0x08000353   Thumb Code     0  startup_stm32f40_41xxx.o(.text)
    OTG_FS_WKUP_IRQHandler                   0x08000353   Thumb Code     0  startup_stm32f40_41xxx.o(.text)
    OTG_HS_EP1_IN_IRQHandler                 0x08000353   Thumb Code     0  startup_stm32f40_41xxx.o(.text)
    OTG_HS_EP1_OUT_IRQHandler                0x08000353   Thumb Code     0  startup_stm32f40_41xxx.o(.text)
    OTG_HS_IRQHandler                        0x08000353   Thumb Code     0  startup_stm32f40_41xxx.o(.text)
    OTG_HS_WKUP_IRQHandler                   0x08000353   Thumb Code     0  startup_stm32f40_41xxx.o(.text)
    PVD_IRQHandler                           0x08000353   Thumb Code     0  startup_stm32f40_41xxx.o(.text)
    RCC_IRQHandler                           0x08000353   Thumb Code     0  startup_stm32f40_41xxx.o(.text)
    RTC_Alarm_IRQHandler                     0x08000353   Thumb Code     0  startup_stm32f40_41xxx.o(.text)
    RTC_WKUP_IRQHandler                      0x08000353   Thumb Code     0  startup_stm32f40_41xxx.o(.text)
    SDIO_IRQHandler                          0x08000353   Thumb Code     0  startup_stm32f40_41xxx.o(.text)
    SPI1_IRQHandler                          0x08000353   Thumb Code     0  startup_stm32f40_41xxx.o(.text)
    SPI2_IRQHandler                          0x08000353   Thumb Code     0  startup_stm32f40_41xxx.o(.text)
    SPI3_IRQHandler                          0x08000353   Thumb Code     0  startup_stm32f40_41xxx.o(.text)
    TAMP_STAMP_IRQHandler                    0x08000353   Thumb Code     0  startup_stm32f40_41xxx.o(.text)
    TIM1_BRK_TIM9_IRQHandler                 0x08000353   Thumb Code     0  startup_stm32f40_41xxx.o(.text)
    TIM1_CC_IRQHandler                       0x08000353   Thumb Code     0  startup_stm32f40_41xxx.o(.text)
    TIM1_TRG_COM_TIM11_IRQHandler            0x08000353   Thumb Code     0  startup_stm32f40_41xxx.o(.text)
    TIM1_UP_TIM10_IRQHandler                 0x08000353   Thumb Code     0  startup_stm32f40_41xxx.o(.text)
    TIM2_IRQHandler                          0x08000353   Thumb Code     0  startup_stm32f40_41xxx.o(.text)
    TIM3_IRQHandler                          0x08000353   Thumb Code     0  startup_stm32f40_41xxx.o(.text)
    TIM4_IRQHandler                          0x08000353   Thumb Code     0  startup_stm32f40_41xxx.o(.text)
    TIM5_IRQHandler                          0x08000353   Thumb Code     0  startup_stm32f40_41xxx.o(.text)
    TIM6_DAC_IRQHandler                      0x08000353   Thumb Code     0  startup_stm32f40_41xxx.o(.text)
    TIM7_IRQHandler                          0x08000353   Thumb Code     0  startup_stm32f40_41xxx.o(.text)
    TIM8_BRK_TIM12_IRQHandler                0x08000353   Thumb Code     0  startup_stm32f40_41xxx.o(.text)
    TIM8_CC_IRQHandler                       0x08000353   Thumb Code     0  startup_stm32f40_41xxx.o(.text)
    TIM8_TRG_COM_TIM14_IRQHandler            0x08000353   Thumb Code     0  startup_stm32f40_41xxx.o(.text)
    TIM8_UP_TIM13_IRQHandler                 0x08000353   Thumb Code     0  startup_stm32f40_41xxx.o(.text)
    UART4_IRQHandler                         0x08000353   Thumb Code     0  startup_stm32f40_41xxx.o(.text)
    UART5_IRQHandler                         0x08000353   Thumb Code     0  startup_stm32f40_41xxx.o(.text)
    USART1_IRQHandler                        0x08000353   Thumb Code     0  startup_stm32f40_41xxx.o(.text)
    USART2_IRQHandler                        0x08000353   Thumb Code     0  startup_stm32f40_41xxx.o(.text)
    USART3_IRQHandler                        0x08000353   Thumb Code     0  startup_stm32f40_41xxx.o(.text)
    USART6_IRQHandler                        0x08000353   Thumb Code     0  startup_stm32f40_41xxx.o(.text)
    WWDG_IRQHandler                          0x08000353   Thumb Code     0  startup_stm32f40_41xxx.o(.text)
    SystemInit                               0x08000439   Thumb Code    88  system_stm32f4xx.o(.text)
    SystemCoreClockUpdate                    0x08000491   Thumb Code   174  system_stm32f4xx.o(.text)
    os_idle_demon                            0x0800056d   Thumb Code     4  rtx_conf_cm.o(.text)
    os_tmr_call                              0x08000571   Thumb Code     2  rtx_conf_cm.o(.text)
    os_error                                 0x08000573   Thumb Code     4  rtx_conf_cm.o(.text)
    LED_Init                                 0x08000579   Thumb Code    92  led.o(.text)
    LED_On                                   0x080005d5   Thumb Code    18  led.o(.text)
    LED_Off                                  0x080005e7   Thumb Code    18  led.o(.text)
    LED_Out                                  0x080005f9   Thumb Code    38  led.o(.text)
    ThdSTARTUP                               0x0800062d   Thumb Code    34  blinky.o(.text)
    ThdBPScheck                              0x0800064f   Thumb Code    96  blinky.o(.text)
    ThdVget                                  0x080006af   Thumb Code    56  blinky.o(.text)
    ThdTget                                  0x080006e7   Thumb Code    56  blinky.o(.text)
    ThdIget                                  0x0800071f   Thumb Code    36  blinky.o(.text)
    ThdUSBout                                0x08000743   Thumb Code   226  blinky.o(.text)
    ThdDISPLAYout                            0x08000825   Thumb Code    22  blinky.o(.text)
    init                                     0x0800083b   Thumb Code   196  blinky.o(.text)
    main                                     0x080008ff   Thumb Code    44  blinky.o(.text)
    fputc                                    0x08000aa9   Thumb Code    14  retarget.o(.text)
    fgetc                                    0x08000ab7   Thumb Code    10  retarget.o(.text)
    ferror                                   0x08000ac1   Thumb Code     8  retarget.o(.text)
    _ttywrch                                 0x08000ac9   Thumb Code    12  retarget.o(.text)
    _sys_exit                                0x08000ad5   Thumb Code     4  retarget.o(.text)
    SER_Init                                 0x08000ad9   Thumb Code   104  serial.o(.text)
    SER_PutChar                              0x08000b41   Thumb Code    26  serial.o(.text)
    SER_GetChar                              0x08000b5b   Thumb Code    26  serial.o(.text)
    adc_configure                            0x08000b81   Thumb Code   110  adc.o(.text)
    adc_convert                              0x08000bef   Thumb Code    32  adc.o(.text)
    init_I2C1                                0x08000c19   Thumb Code   128  i2c.o(.text)
    I2C_start                                0x08000c99   Thumb Code    96  i2c.o(.text)
    I2C_write                                0x08000cf9   Thumb Code    32  i2c.o(.text)
    I2C_read_ack                             0x08000d19   Thumb Code    40  i2c.o(.text)
    I2C_read_nack                            0x08000d41   Thumb Code    48  i2c.o(.text)
    I2C_stop                                 0x08000d71   Thumb Code    14  i2c.o(.text)
    I2Ctx                                    0x08000d95   Thumb Code    56  bps.o(.text)
    BPSinit                                  0x08000dcd   Thumb Code    16  bps.o(.text)
    digitalWrite                             0x08000ddd   Thumb Code    24  bps.o(.text)
    CARshutdown                              0x08000df5   Thumb Code    58  bps.o(.text)
    digitalRead                              0x08000e2f   Thumb Code    24  bps.o(.text)
    ARRAYcheck                               0x08000e47   Thumb Code    60  bps.o(.text)
    BPScheck                                 0x08000e83   Thumb Code   270  bps.o(.text)
    LEDwrite                                 0x08000f91   Thumb Code    68  bps.o(.text)
    SSEGwrite                                0x08000fd5   Thumb Code    88  bps.o(.text)
    DISPLAYout                               0x0800102d   Thumb Code   124  bps.o(.text)
    Vget                                     0x080010a9   Thumb Code     6  bps.o(.text)
    analogRead                               0x080010af   Thumb Code    14  bps.o(.text)
    ADCget                                   0x080010bd   Thumb Code    40  bps.o(.text)
    bitRead                                  0x080010e5   Thumb Code    18  bps.o(.text)
    MUXset                                   0x080010f7   Thumb Code   244  bps.o(.text)
    Tget                                     0x080011eb   Thumb Code    38  bps.o(.text)
    Iget                                     0x08001211   Thumb Code     4  bps.o(.text)
    delay                                    0x08001215   Thumb Code    20  bps.o(.text)
    CARstart                                 0x08001229   Thumb Code    60  bps.o(.text)
    ADC_DeInit                               0x08001271   Thumb Code    22  stm32f4xx_adc.o(.text)
    ADC_Init                                 0x08001287   Thumb Code    74  stm32f4xx_adc.o(.text)
    ADC_StructInit                           0x080012d1   Thumb Code    20  stm32f4xx_adc.o(.text)
    ADC_CommonInit                           0x080012e5   Thumb Code    34  stm32f4xx_adc.o(.text)
    ADC_CommonStructInit                     0x08001307   Thumb Code    12  stm32f4xx_adc.o(.text)
    ADC_Cmd                                  0x08001313   Thumb Code    22  stm32f4xx_adc.o(.text)
    ADC_AnalogWatchdogCmd                    0x08001329   Thumb Code    16  stm32f4xx_adc.o(.text)
    ADC_AnalogWatchdogThresholdsConfig       0x08001339   Thumb Code     6  stm32f4xx_adc.o(.text)
    ADC_AnalogWatchdogSingleChannelConfig    0x0800133f   Thumb Code    16  stm32f4xx_adc.o(.text)
    ADC_TempSensorVrefintCmd                 0x0800134f   Thumb Code    34  stm32f4xx_adc.o(.text)
    ADC_VBATCmd                              0x08001371   Thumb Code    34  stm32f4xx_adc.o(.text)
    ADC_RegularChannelConfig                 0x08001393   Thumb Code   184  stm32f4xx_adc.o(.text)
    ADC_SoftwareStartConv                    0x0800144b   Thumb Code    10  stm32f4xx_adc.o(.text)
    ADC_GetSoftwareStartConvStatus           0x08001455   Thumb Code    20  stm32f4xx_adc.o(.text)
    ADC_EOCOnEachRegularChannelCmd           0x08001469   Thumb Code    22  stm32f4xx_adc.o(.text)
    ADC_ContinuousModeCmd                    0x0800147f   Thumb Code    22  stm32f4xx_adc.o(.text)
    ADC_DiscModeChannelCountConfig           0x08001495   Thumb Code    24  stm32f4xx_adc.o(.text)
    ADC_DiscModeCmd                          0x080014ad   Thumb Code    22  stm32f4xx_adc.o(.text)
    ADC_GetConversionValue                   0x080014c3   Thumb Code     8  stm32f4xx_adc.o(.text)
    ADC_GetMultiModeConversionValue          0x080014cb   Thumb Code     8  stm32f4xx_adc.o(.text)
    ADC_DMACmd                               0x080014d3   Thumb Code    22  stm32f4xx_adc.o(.text)
    ADC_DMARequestAfterLastTransferCmd       0x080014e9   Thumb Code    22  stm32f4xx_adc.o(.text)
    ADC_MultiModeDMARequestAfterLastTransferCmd 0x080014ff   Thumb Code    34  stm32f4xx_adc.o(.text)
    ADC_InjectedChannelConfig                0x08001521   Thumb Code   130  stm32f4xx_adc.o(.text)
    ADC_InjectedSequencerLengthConfig        0x080015a3   Thumb Code    24  stm32f4xx_adc.o(.text)
    ADC_SetInjectedOffset                    0x080015bb   Thumb Code    20  stm32f4xx_adc.o(.text)
    ADC_ExternalTrigInjectedConvConfig       0x080015cf   Thumb Code    16  stm32f4xx_adc.o(.text)
    ADC_ExternalTrigInjectedConvEdgeConfig   0x080015df   Thumb Code    16  stm32f4xx_adc.o(.text)
    ADC_SoftwareStartInjectedConv            0x080015ef   Thumb Code    10  stm32f4xx_adc.o(.text)
    ADC_GetSoftwareStartInjectedConvCmdStatus 0x080015f9   Thumb Code    20  stm32f4xx_adc.o(.text)
    ADC_AutoInjectedConvCmd                  0x0800160d   Thumb Code    22  stm32f4xx_adc.o(.text)
    ADC_InjectedDiscModeCmd                  0x08001623   Thumb Code    22  stm32f4xx_adc.o(.text)
    ADC_GetInjectedConversionValue           0x08001639   Thumb Code    28  stm32f4xx_adc.o(.text)
    ADC_ITConfig                             0x08001655   Thumb Code    56  stm32f4xx_adc.o(.text)
    ADC_GetFlagStatus                        0x0800168d   Thumb Code    18  stm32f4xx_adc.o(.text)
    ADC_ClearFlag                            0x0800169f   Thumb Code     6  stm32f4xx_adc.o(.text)
    ADC_GetITStatus                          0x080016a5   Thumb Code    38  stm32f4xx_adc.o(.text)
    ADC_ClearITPendingBit                    0x080016cb   Thumb Code    10  stm32f4xx_adc.o(.text)
    GPIO_DeInit                              0x080016d5   Thumb Code   220  stm32f4xx_gpio.o(.text)
    GPIO_Init                                0x080017b1   Thumb Code   144  stm32f4xx_gpio.o(.text)
    GPIO_StructInit                          0x08001841   Thumb Code    18  stm32f4xx_gpio.o(.text)
    GPIO_PinLockConfig                       0x08001853   Thumb Code    34  stm32f4xx_gpio.o(.text)
    GPIO_ReadInputDataBit                    0x08001875   Thumb Code    18  stm32f4xx_gpio.o(.text)
    GPIO_ReadInputData                       0x08001887   Thumb Code     8  stm32f4xx_gpio.o(.text)
    GPIO_ReadOutputDataBit                   0x0800188f   Thumb Code    18  stm32f4xx_gpio.o(.text)
    GPIO_ReadOutputData                      0x080018a1   Thumb Code     8  stm32f4xx_gpio.o(.text)
    GPIO_SetBits                             0x080018a9   Thumb Code     4  stm32f4xx_gpio.o(.text)
    GPIO_ResetBits                           0x080018ad   Thumb Code     4  stm32f4xx_gpio.o(.text)
    GPIO_WriteBit                            0x080018b1   Thumb Code    10  stm32f4xx_gpio.o(.text)
    GPIO_Write                               0x080018bb   Thumb Code     4  stm32f4xx_gpio.o(.text)
    GPIO_ToggleBits                          0x080018bf   Thumb Code     8  stm32f4xx_gpio.o(.text)
    GPIO_PinAFConfig                         0x080018c7   Thumb Code    70  stm32f4xx_gpio.o(.text)
    I2C_DeInit                               0x08001931   Thumb Code    82  stm32f4xx_i2c.o(.text)
    I2C_Init                                 0x08001983   Thumb Code   218  stm32f4xx_i2c.o(.text)
    I2C_StructInit                           0x08001a5d   Thumb Code    30  stm32f4xx_i2c.o(.text)
    I2C_Cmd                                  0x08001a7b   Thumb Code    24  stm32f4xx_i2c.o(.text)
    I2C_GenerateSTART                        0x08001a93   Thumb Code    24  stm32f4xx_i2c.o(.text)
    I2C_GenerateSTOP                         0x08001aab   Thumb Code    24  stm32f4xx_i2c.o(.text)
    I2C_Send7bitAddress                      0x08001ac3   Thumb Code    16  stm32f4xx_i2c.o(.text)
    I2C_AcknowledgeConfig                    0x08001ad3   Thumb Code    24  stm32f4xx_i2c.o(.text)
    I2C_OwnAddress2Config                    0x08001aeb   Thumb Code    22  stm32f4xx_i2c.o(.text)
    I2C_DualAddressCmd                       0x08001b01   Thumb Code    24  stm32f4xx_i2c.o(.text)
    I2C_GeneralCallCmd                       0x08001b19   Thumb Code    24  stm32f4xx_i2c.o(.text)
    I2C_SoftwareResetCmd                     0x08001b31   Thumb Code    22  stm32f4xx_i2c.o(.text)
    I2C_StretchClockCmd                      0x08001b47   Thumb Code    24  stm32f4xx_i2c.o(.text)
    I2C_FastModeDutyCycleConfig              0x08001b5f   Thumb Code    28  stm32f4xx_i2c.o(.text)
    I2C_NACKPositionConfig                   0x08001b7b   Thumb Code    28  stm32f4xx_i2c.o(.text)
    I2C_SMBusAlertConfig                     0x08001b97   Thumb Code    28  stm32f4xx_i2c.o(.text)
    I2C_ARPCmd                               0x08001bb3   Thumb Code    24  stm32f4xx_i2c.o(.text)
    I2C_SendData                             0x08001bcb   Thumb Code     4  stm32f4xx_i2c.o(.text)
    I2C_ReceiveData                          0x08001bcf   Thumb Code     8  stm32f4xx_i2c.o(.text)
    I2C_TransmitPEC                          0x08001bd7   Thumb Code    24  stm32f4xx_i2c.o(.text)
    I2C_PECPositionConfig                    0x08001bef   Thumb Code    28  stm32f4xx_i2c.o(.text)
    I2C_CalculatePEC                         0x08001c0b   Thumb Code    24  stm32f4xx_i2c.o(.text)
    I2C_GetPEC                               0x08001c23   Thumb Code     8  stm32f4xx_i2c.o(.text)
    I2C_DMACmd                               0x08001c2b   Thumb Code    24  stm32f4xx_i2c.o(.text)
    I2C_DMALastTransferCmd                   0x08001c43   Thumb Code    24  stm32f4xx_i2c.o(.text)
    I2C_ReadRegister                         0x08001c5b   Thumb Code    22  stm32f4xx_i2c.o(.text)
    I2C_ITConfig                             0x08001c71   Thumb Code    18  stm32f4xx_i2c.o(.text)
    I2C_CheckEvent                           0x08001c83   Thumb Code    42  stm32f4xx_i2c.o(.text)
    I2C_GetLastEvent                         0x08001cad   Thumb Code    26  stm32f4xx_i2c.o(.text)
    I2C_GetFlagStatus                        0x08001cc7   Thumb Code    58  stm32f4xx_i2c.o(.text)
    I2C_ClearFlag                            0x08001d01   Thumb Code    12  stm32f4xx_i2c.o(.text)
    I2C_GetITStatus                          0x08001d0d   Thumb Code    64  stm32f4xx_i2c.o(.text)
    I2C_ClearITPendingBit                    0x08001d4d   Thumb Code    12  stm32f4xx_i2c.o(.text)
    RCC_DeInit                               0x08001d59   Thumb Code    60  stm32f4xx_rcc.o(.text)
    RCC_HSEConfig                            0x08001d95   Thumb Code    14  stm32f4xx_rcc.o(.text)
    RCC_GetFlagStatus                        0x08001da3   Thumb Code    60  stm32f4xx_rcc.o(.text)
    RCC_WaitForHSEStartUp                    0x08001ddf   Thumb Code    56  stm32f4xx_rcc.o(.text)
    RCC_AdjustHSICalibrationValue            0x08001e17   Thumb Code    20  stm32f4xx_rcc.o(.text)
    RCC_HSICmd                               0x08001e2b   Thumb Code     6  stm32f4xx_rcc.o(.text)
    RCC_LSEConfig                            0x08001e31   Thumb Code    46  stm32f4xx_rcc.o(.text)
    RCC_LSICmd                               0x08001e5f   Thumb Code     6  stm32f4xx_rcc.o(.text)
    RCC_PLLConfig                            0x08001e65   Thumb Code    32  stm32f4xx_rcc.o(.text)
    RCC_PLLCmd                               0x08001e85   Thumb Code     6  stm32f4xx_rcc.o(.text)
    RCC_PLLI2SConfig                         0x08001e8b   Thumb Code    14  stm32f4xx_rcc.o(.text)
    RCC_PLLI2SCmd                            0x08001e99   Thumb Code     6  stm32f4xx_rcc.o(.text)
    RCC_ClockSecuritySystemCmd               0x08001e9f   Thumb Code     6  stm32f4xx_rcc.o(.text)
    RCC_MCO1Config                           0x08001ea5   Thumb Code    28  stm32f4xx_rcc.o(.text)
    RCC_MCO2Config                           0x08001ec1   Thumb Code    28  stm32f4xx_rcc.o(.text)
    RCC_SYSCLKConfig                         0x08001edd   Thumb Code    20  stm32f4xx_rcc.o(.text)
    RCC_GetSYSCLKSource                      0x08001ef1   Thumb Code    12  stm32f4xx_rcc.o(.text)
    RCC_HCLKConfig                           0x08001efd   Thumb Code    20  stm32f4xx_rcc.o(.text)
    RCC_PCLK1Config                          0x08001f11   Thumb Code    20  stm32f4xx_rcc.o(.text)
    RCC_PCLK2Config                          0x08001f25   Thumb Code    22  stm32f4xx_rcc.o(.text)
    RCC_GetClocksFreq                        0x08001f3b   Thumb Code   222  stm32f4xx_rcc.o(.text)
    RCC_RTCCLKConfig                         0x08002019   Thumb Code    54  stm32f4xx_rcc.o(.text)
    RCC_RTCCLKCmd                            0x0800204f   Thumb Code     8  stm32f4xx_rcc.o(.text)
    RCC_BackupResetCmd                       0x08002057   Thumb Code     8  stm32f4xx_rcc.o(.text)
    RCC_I2SCLKConfig                         0x0800205f   Thumb Code     6  stm32f4xx_rcc.o(.text)
    RCC_AHB1PeriphClockCmd                   0x08002065   Thumb Code    34  stm32f4xx_rcc.o(.text)
    RCC_AHB2PeriphClockCmd                   0x08002087   Thumb Code    34  stm32f4xx_rcc.o(.text)
    RCC_AHB3PeriphClockCmd                   0x080020a9   Thumb Code    34  stm32f4xx_rcc.o(.text)
    RCC_APB1PeriphClockCmd                   0x080020cb   Thumb Code    34  stm32f4xx_rcc.o(.text)
    RCC_APB2PeriphClockCmd                   0x080020ed   Thumb Code    34  stm32f4xx_rcc.o(.text)
    RCC_AHB1PeriphResetCmd                   0x0800210f   Thumb Code    34  stm32f4xx_rcc.o(.text)
    RCC_AHB2PeriphResetCmd                   0x08002131   Thumb Code    72  stm32f4xx_rcc.o(.text)
    RCC_AHB3PeriphResetCmd                   0x08002179   Thumb Code    34  stm32f4xx_rcc.o(.text)
    RCC_APB1PeriphResetCmd                   0x0800219b   Thumb Code    34  stm32f4xx_rcc.o(.text)
    RCC_APB2PeriphResetCmd                   0x080021bd   Thumb Code    34  stm32f4xx_rcc.o(.text)
    RCC_AHB1PeriphClockLPModeCmd             0x080021df   Thumb Code    34  stm32f4xx_rcc.o(.text)
    RCC_AHB2PeriphClockLPModeCmd             0x08002201   Thumb Code    34  stm32f4xx_rcc.o(.text)
    RCC_AHB3PeriphClockLPModeCmd             0x08002223   Thumb Code    34  stm32f4xx_rcc.o(.text)
    RCC_APB1PeriphClockLPModeCmd             0x08002245   Thumb Code    34  stm32f4xx_rcc.o(.text)
    RCC_APB2PeriphClockLPModeCmd             0x08002267   Thumb Code    34  stm32f4xx_rcc.o(.text)
    RCC_ITConfig                             0x08002289   Thumb Code    34  stm32f4xx_rcc.o(.text)
    RCC_ClearFlag                            0x080022ab   Thumb Code    18  stm32f4xx_rcc.o(.text)
    RCC_GetITStatus                          0x080022bd   Thumb Code    22  stm32f4xx_rcc.o(.text)
    RCC_ClearITPendingBit                    0x080022d3   Thumb Code     8  stm32f4xx_rcc.o(.text)
    __aeabi_uidiv                            0x080022e1   Thumb Code     0  uidiv.o(.text)
    __aeabi_uidivmod                         0x080022e1   Thumb Code    44  uidiv.o(.text)
    __scatterload                            0x0800230d   Thumb Code    28  init.o(.text)
    __scatterload_rt2                        0x0800230d   Thumb Code     0  init.o(.text)
    __decompress                             0x08002331   Thumb Code     0  __dczerorl2.o(.text)
    __decompress1                            0x08002331   Thumb Code    86  __dczerorl2.o(.text)
    SVC_Count                                0x08002388   Data           4  svc_table.o(SVC_TABLE)
    SVC_Table                                0x0800238c   Data           0  svc_table.o(SVC_TABLE)
    __0printf$1                              0x0800238d   Thumb Code    22  printf1.o(i.__0printf$1)
    __1printf$1                              0x0800238d   Thumb Code     0  printf1.o(i.__0printf$1)
    __2printf                                0x0800238d   Thumb Code     0  printf1.o(i.__0printf$1)
    __scatterload_copy                       0x080023ad   Thumb Code    14  handlers.o(i.__scatterload_copy)
    __scatterload_null                       0x080023bb   Thumb Code     2  handlers.o(i.__scatterload_null)
    __scatterload_zeroinit                   0x080023bd   Thumb Code    14  handlers.o(i.__scatterload_zeroinit)
    _init_box                                0x080023cb   Thumb Code    70  rt_membox.o(i._init_box)
    dbg_init                                 0x08002565   Thumb Code    34  hal_cm4.o(i.dbg_init)
    dbg_task_notify                          0x08002595   Thumb Code    32  hal_cm4.o(i.dbg_task_notify)
    dbg_task_switch                          0x080025b5   Thumb Code    16  hal_cm4.o(i.dbg_task_switch)
    os_tick_init                             0x080025c5   Thumb Code    32  rt_system.o(i.os_tick_init)
    os_tick_irqack                           0x080025ed   Thumb Code     2  rt_system.o(i.os_tick_irqack)
    rt_alloc_box                             0x080025ef   Thumb Code    26  rt_membox.o(i.rt_alloc_box)
    rt_block                                 0x08002609   Thumb Code    48  rt_task.o(i.rt_block)
    rt_chk_robin                             0x08002641   Thumb Code    60  rt_robin.o(i.rt_chk_robin)
    rt_dec_dly                               0x08002689   Thumb Code   106  rt_list.o(i.rt_dec_dly)
    rt_dispatch                              0x080026fd   Thumb Code    60  rt_task.o(i.rt_dispatch)
    rt_dly_wait                              0x08002741   Thumb Code     6  rt_time.o(i.rt_dly_wait)
    rt_evt_psh                               0x08002749   Thumb Code    72  rt_event.o(i.rt_evt_psh)
    rt_free_box                              0x08002795   Thumb Code    32  rt_membox.o(i.rt_free_box)
    rt_get_first                             0x080027b5   Thumb Code    40  rt_list.o(i.rt_get_first)
    rt_init_robin                            0x08002829   Thumb Code    14  rt_robin.o(i.rt_init_robin)
    rt_init_stack                            0x08002841   Thumb Code    70  hal_cm4.o(i.rt_init_stack)
    rt_itv_set                               0x08002891   Thumb Code    16  rt_time.o(i.rt_itv_set)
    rt_itv_wait                              0x080028a9   Thumb Code    32  rt_time.o(i.rt_itv_wait)
    rt_mbx_init                              0x080028d1   Thumb Code    24  rt_mailbox.o(i.rt_mbx_init)
    rt_mbx_psh                               0x080028e9   Thumb Code   200  rt_mailbox.o(i.rt_mbx_psh)
    rt_mbx_send                              0x080029b5   Thumb Code   158  rt_mailbox.o(i.rt_mbx_send)
    rt_mbx_wait                              0x08002a59   Thumb Code   180  rt_mailbox.o(i.rt_mbx_wait)
    rt_pop_req                               0x08002b11   Thumb Code   110  rt_system.o(i.rt_pop_req)
    rt_put_dly                               0x08002b8d   Thumb Code    68  rt_list.o(i.rt_put_dly)
    rt_put_prio                              0x08002bd5   Thumb Code    54  rt_list.o(i.rt_put_prio)
    rt_put_rdy_first                         0x08002c0d   Thumb Code    14  rt_list.o(i.rt_put_rdy_first)
    rt_rmv_dly                               0x08002c21   Thumb Code    40  rt_list.o(i.rt_rmv_dly)
    rt_rmv_list                              0x08002c49   Thumb Code    44  rt_list.o(i.rt_rmv_list)
    rt_sem_psh                               0x08002c79   Thumb Code    46  rt_semaphore.o(i.rt_sem_psh)
    rt_stk_check                             0x08002cad   Thumb Code    28  rt_system.o(i.rt_stk_check)
    rt_switch_req                            0x08002cd1   Thumb Code    30  rt_task.o(i.rt_switch_req)
    rt_sys_init                              0x08002cf9   Thumb Code   268  rt_task.o(i.rt_sys_init)
    rt_systick                               0x08002e4d   Thumb Code    50  rt_system.o(i.rt_systick)
    rt_tmr_tick                              0x08002e8d   Thumb Code    56  rt_timer.o(i.rt_tmr_tick)
    rt_tsk_create                            0x08002ecd   Thumb Code   122  rt_task.o(i.rt_tsk_create)
    rt_tsk_delete                            0x08002f5d   Thumb Code   336  rt_task.o(i.rt_tsk_delete)
    os_maxtaskrun                            0x080030c8   Data           2  rtx_conf_cm.o(.constdata)
    os_stackinfo                             0x080030cc   Data           4  rtx_conf_cm.o(.constdata)
    os_rrobin                                0x080030d0   Data           4  rtx_conf_cm.o(.constdata)
    os_trv                                   0x080030d4   Data           4  rtx_conf_cm.o(.constdata)
    os_flags                                 0x080030d8   Data           1  rtx_conf_cm.o(.constdata)
    os_clockrate                             0x080030dc   Data           4  rtx_conf_cm.o(.constdata)
    os_timernum                              0x080030e0   Data           4  rtx_conf_cm.o(.constdata)
    mp_tcb_size                              0x080030e4   Data           2  rtx_conf_cm.o(.constdata)
    mp_stk_size                              0x080030e8   Data           4  rtx_conf_cm.o(.constdata)
    os_fifo_size                             0x080030ec   Data           1  rtx_conf_cm.o(.constdata)
    mp_tmr_size                              0x080030ee   Data           2  rtx_conf_cm.o(.constdata)
    led_mask                                 0x080030f0   Data          16  led.o(.constdata)
    RL_RTX_Version                           0x08003100   Data           4  rt_system.o(.constdata)
    Region$$Table$$Base                      0x08003104   Number         0  anon$$obj.o(Region$$Table)
    Region$$Table$$Limit                     0x08003124   Number         0  anon$$obj.o(Region$$Table)
    SystemCoreClock                          0x20000000   Data           4  system_stm32f4xx.o(.data)
    AHBPrescTable                            0x20000004   Data          16  system_stm32f4xx.o(.data)
    m_tmr                                    0x20000014   Data           4  rtx_conf_cm.o(.data)
    t_ThdSTARTUP                             0x20000018   Data           4  blinky.o(.data)
    t_ThdBPScheck                            0x2000001c   Data           4  blinky.o(.data)
    t_ThdVget                                0x20000020   Data           4  blinky.o(.data)
    t_ThdTget                                0x20000024   Data           4  blinky.o(.data)
    t_ThdIget                                0x20000028   Data           4  blinky.o(.data)
    t_ThdUSBout                              0x2000002c   Data           4  blinky.o(.data)
    t_ThdDISPLAYout                          0x20000030   Data           4  blinky.o(.data)
    __stdout                                 0x20000034   Data           4  retarget.o(.data)
    __stdin                                  0x20000038   Data           4  retarget.o(.data)
    BPS                                      0x2000003c   Data         248  bps.o(.data)
    Thash                                    0x20000134   Data        1024  bps.o(.data)
    os_tsk                                   0x20000544   Data           8  rt_task.o(.data)
    os_time                                  0x2000054c   Data           4  rt_time.o(.data)
    dbg_msg                                  0x20000550   Data           1  hal_cm4.o(.data)
    os_tick_irqn                             0x20000558   Data           4  rt_system.o(.data)
    os_robin                                 0x2000055c   Data           8  rt_robin.o(.data)
    os_tmr                                   0x20000564   Data           8  rt_timer.o(.data)
    mp_tcb                                   0x20000570   Data        1132  rtx_conf_cm.o(.bss)
    mp_stk                                   0x200009e0   Data       10768  rtx_conf_cm.o(.bss)
    os_fifo                                  0x200033f0   Data         132  rtx_conf_cm.o(.bss)
    os_active_TCB                            0x20003474   Data          80  rtx_conf_cm.o(.bss)
    mbxBPSGOOD                               0x200034c4   Data          20  blinky.o(.bss)
    mbxV                                     0x200034d8   Data          20  blinky.o(.bss)
    mbxT                                     0x200034ec   Data          20  blinky.o(.bss)
    mbxI                                     0x20003500   Data          20  blinky.o(.bss)
    ERR                                      0x20003514   Data          16  bps.o(.bss)
    os_idle_TCB                              0x20003524   Data          56  rt_task.o(.bss)
    os_rdy                                   0x2000355c   Data          24  rt_list.o(.bss)
    os_dly                                   0x20003574   Data          24  rt_list.o(.bss)
    __initial_sp                             0x20003990   Data           0  startup_stm32f40_41xxx.o(STACK)



==============================================================================

Memory Map of the image

  Image Entry point : 0x08000189

  Load Region LR_IROM1 (Base: 0x08000000, Size: 0x00003690, Max: 0x00100000, ABSOLUTE, COMPRESSED[0x0000325c])

    Execution Region ER_IROM1 (Base: 0x08000000, Size: 0x00003124, Max: 0x00100000, ABSOLUTE)

    Base Addr    Size         Type   Attr      Idx    E Section Name        Object

    0x08000000   0x00000188   Data   RO            3    RESET               startup_stm32f40_41xxx.o
    0x08000188   0x00000000   Code   RO         1556  * .ARM.Collect$$$$00000000  mc_w.l(entry.o)
    0x08000188   0x00000004   Code   RO         1820    .ARM.Collect$$$$00000001  mc_w.l(entry2.o)
    0x0800018c   0x00000004   Code   RO         1823    .ARM.Collect$$$$00000004  mc_w.l(entry5.o)
    0x08000190   0x00000000   Code   RO         1825    .ARM.Collect$$$$00000008  mc_w.l(entry7b.o)
    0x08000190   0x00000000   Code   RO         1827    .ARM.Collect$$$$0000000A  mc_w.l(entry8b.o)
    0x08000190   0x00000008   Code   RO         1828    .ARM.Collect$$$$0000000B  mc_w.l(entry9a.o)
    0x08000198   0x00000000   Code   RO         1830    .ARM.Collect$$$$0000000D  mc_w.l(entry10a.o)
    0x08000198   0x00000000   Code   RO         1832    .ARM.Collect$$$$0000000F  mc_w.l(entry11a.o)
    0x08000198   0x00000004   Code   RO         1821    .ARM.Collect$$$$00002712  mc_w.l(entry2.o)
    0x0800019c   0x0000019c   Code   RO         1192    .emb_text           RTX_CM4.LIB(hal_cm4.o)
    0x08000338   0x00000024   Code   RO            4    .text               startup_stm32f40_41xxx.o
    0x0800035c   0x00000210   Code   RO           12    .text               system_stm32f4xx.o
    0x0800056c   0x0000000a   Code   RO          137    .text               rtx_conf_cm.o
    0x08000576   0x00000002   PAD
    0x08000578   0x000000b4   Code   RO          162    .text               led.o
    0x0800062c   0x0000047c   Code   RO          199    .text               blinky.o
    0x08000aa8   0x00000030   Code   RO          254    .text               retarget.o
    0x08000ad8   0x000000a8   Code   RO          281    .text               serial.o
    0x08000b80   0x00000098   Code   RO          301    .text               adc.o
    0x08000c18   0x0000017c   Code   RO          340    .text               i2c.o
    0x08000d94   0x000004dc   Code   RO          360    .text               bps.o
    0x08001270   0x00000464   Code   RO          404    .text               stm32f4xx_adc.o
    0x080016d4   0x0000025c   Code   RO          684    .text               stm32f4xx_gpio.o
    0x08001930   0x00000428   Code   RO          764    .text               stm32f4xx_i2c.o
    0x08001d58   0x00000588   Code   RO          824    .text               stm32f4xx_rcc.o
    0x080022e0   0x0000002c   Code   RO         1834    .text               mc_w.l(uidiv.o)
    0x0800230c   0x00000024   Code   RO         1849    .text               mc_w.l(init.o)
    0x08002330   0x00000056   Code   RO         1867    .text               mc_w.l(__dczerorl2.o)
    0x08002386   0x00000002   PAD
    0x08002388   0x00000004   Code   RO         1448    SVC_TABLE           RTX_CM4.LIB(svc_table.o)
    0x0800238c   0x00000020   Code   RO         1604    i.__0printf$1       mc_w.l(printf1.o)
    0x080023ac   0x0000000e   Code   RO         1861    i.__scatterload_copy  mc_w.l(handlers.o)
    0x080023ba   0x00000002   Code   RO         1862    i.__scatterload_null  mc_w.l(handlers.o)
    0x080023bc   0x0000000e   Code   RO         1863    i.__scatterload_zeroinit  mc_w.l(handlers.o)
    0x080023ca   0x00000046   Code   RO         1419    i._init_box         RTX_CM4.LIB(rt_membox.o)
    0x08002410   0x00000154   Code   RO         1611    i._printf_core      mc_w.l(printf1.o)
    0x08002564   0x00000030   Code   RO         1193    i.dbg_init          RTX_CM4.LIB(hal_cm4.o)
    0x08002594   0x00000020   Code   RO         1194    i.dbg_task_notify   RTX_CM4.LIB(hal_cm4.o)
    0x080025b4   0x00000010   Code   RO         1195    i.dbg_task_switch   RTX_CM4.LIB(hal_cm4.o)
    0x080025c4   0x00000028   Code   RO         1234    i.os_tick_init      RTX_CM4.LIB(rt_system.o)
    0x080025ec   0x00000002   Code   RO         1235    i.os_tick_irqack    RTX_CM4.LIB(rt_system.o)
    0x080025ee   0x0000001a   Code   RO         1420    i.rt_alloc_box      RTX_CM4.LIB(rt_membox.o)
    0x08002608   0x00000038   Code   RO         1004    i.rt_block          RTX_CM4.LIB(rt_task.o)
    0x08002640   0x00000048   Code   RO         1397    i.rt_chk_robin      RTX_CM4.LIB(rt_robin.o)
    0x08002688   0x00000074   Code   RO         1318    i.rt_dec_dly        RTX_CM4.LIB(rt_list.o)
    0x080026fc   0x00000044   Code   RO         1005    i.rt_dispatch       RTX_CM4.LIB(rt_task.o)
    0x08002740   0x00000006   Code   RO         1159    i.rt_dly_wait       RTX_CM4.LIB(rt_time.o)
    0x08002746   0x00000002   PAD
    0x08002748   0x0000004c   Code   RO         1454    i.rt_evt_psh        RTX_CM4.LIB(rt_event.o)
    0x08002794   0x00000020   Code   RO         1421    i.rt_free_box       RTX_CM4.LIB(rt_membox.o)
    0x080027b4   0x00000028   Code   RO         1319    i.rt_get_first      RTX_CM4.LIB(rt_list.o)
    0x080027dc   0x0000004c   Code   RO         1006    i.rt_init_context   RTX_CM4.LIB(rt_task.o)
    0x08002828   0x00000018   Code   RO         1398    i.rt_init_robin     RTX_CM4.LIB(rt_robin.o)
    0x08002840   0x00000050   Code   RO         1196    i.rt_init_stack     RTX_CM4.LIB(hal_cm4.o)
    0x08002890   0x00000018   Code   RO         1160    i.rt_itv_set        RTX_CM4.LIB(rt_time.o)
    0x080028a8   0x00000028   Code   RO         1161    i.rt_itv_wait       RTX_CM4.LIB(rt_time.o)
    0x080028d0   0x00000018   Code   RO         1106    i.rt_mbx_init       RTX_CM4.LIB(rt_mailbox.o)
    0x080028e8   0x000000cc   Code   RO         1107    i.rt_mbx_psh        RTX_CM4.LIB(rt_mailbox.o)
    0x080029b4   0x000000a4   Code   RO         1108    i.rt_mbx_send       RTX_CM4.LIB(rt_mailbox.o)
    0x08002a58   0x000000b8   Code   RO         1109    i.rt_mbx_wait       RTX_CM4.LIB(rt_mailbox.o)
    0x08002b10   0x0000007c   Code   RO         1236    i.rt_pop_req        RTX_CM4.LIB(rt_system.o)
    0x08002b8c   0x00000048   Code   RO         1322    i.rt_put_dly        RTX_CM4.LIB(rt_list.o)
    0x08002bd4   0x00000036   Code   RO         1323    i.rt_put_prio       RTX_CM4.LIB(rt_list.o)
    0x08002c0a   0x00000002   PAD
    0x08002c0c   0x00000014   Code   RO         1324    i.rt_put_rdy_first  RTX_CM4.LIB(rt_list.o)
    0x08002c20   0x00000028   Code   RO         1326    i.rt_rmv_dly        RTX_CM4.LIB(rt_list.o)
    0x08002c48   0x00000030   Code   RO         1327    i.rt_rmv_list       RTX_CM4.LIB(rt_list.o)
    0x08002c78   0x00000034   Code   RO         1495    i.rt_sem_psh        RTX_CM4.LIB(rt_semaphore.o)
    0x08002cac   0x00000024   Code   RO         1239    i.rt_stk_check      RTX_CM4.LIB(rt_system.o)
    0x08002cd0   0x00000028   Code   RO         1007    i.rt_switch_req     RTX_CM4.LIB(rt_task.o)
    0x08002cf8   0x00000154   Code   RO         1008    i.rt_sys_init       RTX_CM4.LIB(rt_task.o)
    0x08002e4c   0x00000040   Code   RO         1241    i.rt_systick        RTX_CM4.LIB(rt_system.o)
    0x08002e8c   0x00000040   Code   RO         1531    i.rt_tmr_tick       RTX_CM4.LIB(rt_timer.o)
    0x08002ecc   0x00000090   Code   RO         1009    i.rt_tsk_create     RTX_CM4.LIB(rt_task.o)
    0x08002f5c   0x0000016c   Code   RO         1010    i.rt_tsk_delete     RTX_CM4.LIB(rt_task.o)
    0x080030c8   0x00000028   Data   RO          139    .constdata          rtx_conf_cm.o
    0x080030f0   0x00000010   Data   RO          163    .constdata          led.o
    0x08003100   0x00000004   Data   RO         1244    .constdata          RTX_CM4.LIB(rt_system.o)
    0x08003104   0x00000020   Data   RO         1859    Region$$Table       anon$$obj.o


    Execution Region RW_IRAM1 (Base: 0x20000000, Size: 0x00003990, Max: 0x00020000, ABSOLUTE, COMPRESSED[0x00000138])

    Base Addr    Size         Type   Attr      Idx    E Section Name        Object

    0x20000000   0x00000014   Data   RW           13    .data               system_stm32f4xx.o
    0x20000014   0x00000004   Data   RW          140    .data               rtx_conf_cm.o
    0x20000018   0x0000001c   Data   RW          201    .data               blinky.o
    0x20000034   0x00000008   Data   RW          255    .data               retarget.o
    0x2000003c   0x000004f8   Data   RW          362    .data               bps.o
    0x20000534   0x00000010   Data   RW          825    .data               stm32f4xx_rcc.o
    0x20000544   0x00000008   Data   RW         1015    .data               RTX_CM4.LIB(rt_task.o)
    0x2000054c   0x00000004   Data   RW         1163    .data               RTX_CM4.LIB(rt_time.o)
    0x20000550   0x00000001   Data   RW         1197    .data               RTX_CM4.LIB(hal_cm4.o)
    0x20000551   0x00000003   PAD
    0x20000554   0x00000008   Data   RW         1245    .data               RTX_CM4.LIB(rt_system.o)
    0x2000055c   0x00000008   Data   RW         1399    .data               RTX_CM4.LIB(rt_robin.o)
    0x20000564   0x00000008   Data   RW         1532    .data               RTX_CM4.LIB(rt_timer.o)
    0x2000056c   0x00000004   PAD
    0x20000570   0x00002f54   Zero   RW          138    .bss                rtx_conf_cm.o
    0x200034c4   0x00000050   Zero   RW          200    .bss                blinky.o
    0x20003514   0x00000010   Zero   RW          361    .bss                bps.o
    0x20003524   0x00000038   Zero   RW         1014    .bss                RTX_CM4.LIB(rt_task.o)
    0x2000355c   0x00000030   Zero   RW         1328    .bss                RTX_CM4.LIB(rt_list.o)
    0x2000358c   0x00000004   PAD
    0x20003590   0x00000400   Zero   RW            1    STACK               startup_stm32f40_41xxx.o


==============================================================================

Image component sizes


      Code (inc. data)   RO Data    RW Data    ZI Data      Debug   Object Name

       152         10          0          0          0     260352   adc.o
      1148        388          0         28         80       3518   blinky.o
      1244         74          0       1272         16       5082   bps.o
       380         22          0          0          0       1912   i2c.o
       180         14         16          0          0       1653   led.o
        48          0          0          8          0       3034   retarget.o
        10          0         40          4      12116       9256   rtx_conf_cm.o
       168         12          0          0          0        987   serial.o
        36          8        392          0       1024        860   startup_stm32f40_41xxx.o
      1124         24          0          0          0      10458   stm32f4xx_adc.o
       604         36          0          0          0       4025   stm32f4xx_gpio.o
      1064         26          0          0          0       8095   stm32f4xx_i2c.o
      1416         48          0         16          0      10915   stm32f4xx_rcc.o
       528         46          0         20          0      33327   system_stm32f4xx.o

    ----------------------------------------------------------------------
      8104        708        480       1348      13236     353474   Object Totals
         0          0         32          0          0          0   (incl. Generated)
         2          0          0          0          0          0   (incl. Padding)

    ----------------------------------------------------------------------

      Code (inc. data)   RO Data    RW Data    ZI Data      Debug   Library Member Name

       588         52          0          1          0       2941   hal_cm4.o
        76          4          0          0          0        593   rt_event.o
       390         24          0          0         48       3965   rt_list.o
       576         14          0          0          0       2723   rt_mailbox.o
       128          0          0          0          0       1761   rt_membox.o
        96         22          0          8          0       1166   rt_robin.o
        52          6          0          0          0        537   rt_semaphore.o
       266         44          4          8          0       3553   rt_system.o
      1088        154          0          8         56       7282   rt_task.o
        70         16          0          4          0       1539   rt_time.o
        64          8          0          8          0        703   rt_timer.o
         4          4          0          0          0        180   svc_table.o
        86          0          0          0          0          0   __dczerorl2.o
         0          0          0          0          0          0   entry.o
         0          0          0          0          0          0   entry10a.o
         0          0          0          0          0          0   entry11a.o
         8          4          0          0          0          0   entry2.o
         4          0          0          0          0          0   entry5.o
         0          0          0          0          0          0   entry7b.o
         0          0          0          0          0          0   entry8b.o
         8          4          0          0          0          0   entry9a.o
        30          0          0          0          0          0   handlers.o
        36          8          0          0          0         68   init.o
       372         14          0          0          0        184   printf1.o
        44          0          0          0          0         80   uidiv.o

    ----------------------------------------------------------------------
      3992        378          4         40        112      27275   Library Totals
         6          0          0          3          8          0   (incl. Padding)

    ----------------------------------------------------------------------

      Code (inc. data)   RO Data    RW Data    ZI Data      Debug   Library Name

      3398        348          4         37        104      26943   RTX_CM4.LIB
       588         30          0          0          0        332   mc_w.l

    ----------------------------------------------------------------------
      3992        378          4         40        112      27275   Library Totals

    ----------------------------------------------------------------------

==============================================================================


      Code (inc. data)   RO Data    RW Data    ZI Data      Debug   

     12096       1086        484       1388      13348     374281   Grand Totals
     12096       1086        484        312      13348     374281   ELF Image Totals (compressed)
     12096       1086        484        312          0          0   ROM Totals

==============================================================================

    Total RO  Size (Code + RO Data)                12580 (  12.29kB)
    Total RW  Size (RW Data + ZI Data)             14736 (  14.39kB)
    Total ROM Size (Code + RO Data + RW Data)      12892 (  12.59kB)

==============================================================================

